2025-07-12T10:16:30.877883+03:00 vostinar-VirtualBox systemd[1]: rsyslog.service: Sent signal SIGHUP to main process 808 (rsyslogd) on client request.
2025-07-12T10:16:30.880183+03:00 vostinar-VirtualBox rsyslogd: [origin software="rsyslogd" swVersion="8.2312.0" x-pid="808" x-info="https://www.rsyslog.com"] rsyslogd was HUPed
2025-07-12T10:16:30.923190+03:00 vostinar-VirtualBox systemd[1]: logrotate.service: Deactivated successfully.
2025-07-12T10:16:30.934846+03:00 vostinar-VirtualBox systemd[1]: Finished logrotate.service - Rotate log files.
2025-07-12T10:16:30.945602+03:00 vostinar-VirtualBox systemd[1]: logrotate.service: Consumed 1.370s CPU time, 2.8M memory peak, 0B memory swap peak.
2025-07-12T10:16:31.029173+03:00 vostinar-VirtualBox systemd[1]: dmesg.service: Deactivated successfully.
2025-07-12T10:16:31.029222+03:00 vostinar-VirtualBox systemd[1]: dmesg.service: Consumed 1.575s CPU time, 33.3M memory peak, 0B memory swap peak.
2025-07-12T10:16:31.091315+03:00 vostinar-VirtualBox systemd[1]: Received SIGRTMIN+21 from PID 308 (plymouthd).
2025-07-12T10:16:31.120766+03:00 vostinar-VirtualBox systemd[1]: Finished plymouth-quit-wait.service - Hold until boot process finishes up.
2025-07-12T10:16:31.165531+03:00 vostinar-VirtualBox systemd[1]: Starting setvtrgb.service - Set console scheme...
2025-07-12T10:16:31.166103+03:00 vostinar-VirtualBox systemd[1]: Started lightdm.service - Light Display Manager.
2025-07-12T10:16:31.170185+03:00 vostinar-VirtualBox avahi-daemon[755]: Joining mDNS multicast group on interface enp0s3.IPv6 with address fe80::a00:27ff:fe29:a0aa.
2025-07-12T10:16:31.191336+03:00 vostinar-VirtualBox systemd[1]: Finished setvtrgb.service - Set console scheme.
2025-07-12T10:16:31.191419+03:00 vostinar-VirtualBox systemd[1]: Created slice system-getty.slice - Slice /system/getty.
2025-07-12T10:16:31.217392+03:00 vostinar-VirtualBox systemd[1]: Started getty@tty1.service - Getty on tty1.
2025-07-12T10:16:31.226096+03:00 vostinar-VirtualBox systemd[1]: Reached target getty.target - Login Prompts.
2025-07-12T10:16:31.230192+03:00 vostinar-VirtualBox systemd[1]: Reached target multi-user.target - Multi-User System.
2025-07-12T10:16:31.230209+03:00 vostinar-VirtualBox systemd[1]: Reached target graphical.target - Graphical Interface.
2025-07-12T10:16:31.248899+03:00 vostinar-VirtualBox systemd[1]: Starting systemd-update-utmp-runlevel.service - Record Runlevel Change in UTMP...
2025-07-12T10:16:31.268486+03:00 vostinar-VirtualBox systemd[1]: Starting casper-md5check.service - casper-md5check Verify Live ISO checksums...
2025-07-12T10:16:31.270625+03:00 vostinar-VirtualBox ModemManager[940]: <msg> [base-manager] couldn't check support for device '/sys/devices/pci0000:00/0000:00:03.0': not supported by any plugin
2025-07-12T10:16:31.307500+03:00 vostinar-VirtualBox systemd[1]: systemd-update-utmp-runlevel.service: Deactivated successfully.
2025-07-12T10:16:31.310180+03:00 vostinar-VirtualBox systemd[1]: Finished systemd-update-utmp-runlevel.service - Record Runlevel Change in UTMP.
2025-07-12T10:16:31.333146+03:00 vostinar-VirtualBox avahi-daemon[755]: New relevant interface enp0s3.IPv6 for mDNS.
2025-07-12T10:16:31.344607+03:00 vostinar-VirtualBox avahi-daemon[755]: Registering new address record for fe80::a00:27ff:fe29:a0aa on enp0s3.*.
2025-07-12T10:16:31.429979+03:00 vostinar-VirtualBox casper-md5check[1344]: .fopen md5_file: No such file or directory
2025-07-12T10:16:31.430178+03:00 vostinar-VirtualBox casper-md5check[1344]: Checking integrity, this may take some time (or try: fsck.mode=skip)
2025-07-12T10:16:31.430827+03:00 vostinar-VirtualBox systemd[1]: casper-md5check.service: Main process exited, code=exited, status=1/FAILURE
2025-07-12T10:16:31.431020+03:00 vostinar-VirtualBox systemd[1]: casper-md5check.service: Failed with result 'exit-code'.
2025-07-12T10:16:31.431344+03:00 vostinar-VirtualBox systemd[1]: Failed to start casper-md5check.service - casper-md5check Verify Live ISO checksums.
2025-07-12T10:16:31.432164+03:00 vostinar-VirtualBox systemd[1]: Startup finished in 8.636s (kernel) + 19.159s (userspace) = 27.796s.
2025-07-12T10:16:32.334134+03:00 vostinar-VirtualBox systemd[1]: Created slice user-1000.slice - User Slice of UID 1000.
2025-07-12T10:16:32.335774+03:00 vostinar-VirtualBox systemd[1]: Starting user-runtime-dir@1000.service - User Runtime Directory /run/user/1000...
2025-07-12T10:16:32.362614+03:00 vostinar-VirtualBox systemd[1]: Finished user-runtime-dir@1000.service - User Runtime Directory /run/user/1000.
2025-07-12T10:16:32.391619+03:00 vostinar-VirtualBox systemd[1]: Starting user@1000.service - User Manager for UID 1000...
2025-07-12T10:16:32.590399+03:00 vostinar-VirtualBox systemd[1365]: Queued start job for default target default.target.
2025-07-12T10:16:32.606839+03:00 vostinar-VirtualBox kernel: systemd-journald[394]: /var/log/journal/9b763043fdba499ebda3a79c1b0277b3/user-1000.journal: Journal file uses a different sequence number ID, rotating.
2025-07-12T10:16:33.034584+03:00 vostinar-VirtualBox avahi-daemon[755]: Leaving mDNS multicast group on interface enp0s3.IPv6 with address fe80::a00:27ff:fe29:a0aa.
2025-07-12T10:16:33.034675+03:00 vostinar-VirtualBox systemd[1365]: Created slice app.slice - User Application Slice.
2025-07-12T10:16:33.034725+03:00 vostinar-VirtualBox avahi-daemon[755]: Joining mDNS multicast group on interface enp0s3.IPv6 with address fd00::7918:35e4:88ca:2e0d.
2025-07-12T10:16:33.034741+03:00 vostinar-VirtualBox systemd[1365]: Created slice session.slice - User Core Session Slice.
2025-07-12T10:16:33.034815+03:00 vostinar-VirtualBox avahi-daemon[755]: Registering new address record for fd00::7918:35e4:88ca:2e0d on enp0s3.*.
2025-07-12T10:16:33.034829+03:00 vostinar-VirtualBox systemd[1365]: Started launchpadlib-cache-clean.timer - Clean up old files in the Launchpadlib cache.
2025-07-12T10:16:33.034880+03:00 vostinar-VirtualBox avahi-daemon[755]: Withdrawing address record for fe80::a00:27ff:fe29:a0aa on enp0s3.
2025-07-12T10:16:33.034894+03:00 vostinar-VirtualBox systemd[1365]: Reached target paths.target - Paths.
2025-07-12T10:16:33.034997+03:00 vostinar-VirtualBox systemd[1365]: Reached target timers.target - Timers.
2025-07-12T10:16:33.035056+03:00 vostinar-VirtualBox systemd[1365]: Starting dbus.socket - D-Bus User Message Bus Socket...
2025-07-12T10:16:33.035098+03:00 vostinar-VirtualBox systemd[1365]: Listening on dirmngr.socket - GnuPG network certificate management daemon.
2025-07-12T10:16:33.035145+03:00 vostinar-VirtualBox systemd[1365]: Listening on gcr-ssh-agent.socket - GCR ssh-agent wrapper.
2025-07-12T10:16:33.035185+03:00 vostinar-VirtualBox systemd[1365]: Listening on gnome-keyring-daemon.socket - GNOME Keyring daemon.
2025-07-12T10:16:33.035216+03:00 vostinar-VirtualBox systemd[1365]: Listening on gpg-agent-browser.socket - GnuPG cryptographic agent and passphrase cache (access for web browsers).
2025-07-12T10:16:33.035231+03:00 vostinar-VirtualBox systemd[1365]: Listening on gpg-agent-extra.socket - GnuPG cryptographic agent and passphrase cache (restricted).
2025-07-12T10:16:33.035244+03:00 vostinar-VirtualBox systemd[1365]: Starting gpg-agent-ssh.socket - GnuPG cryptographic agent (ssh-agent emulation)...
2025-07-12T10:16:33.035261+03:00 vostinar-VirtualBox systemd[1365]: Listening on gpg-agent.socket - GnuPG cryptographic agent and passphrase cache.
2025-07-12T10:16:33.035278+03:00 vostinar-VirtualBox systemd[1365]: Listening on keyboxd.socket - GnuPG public key management service.
2025-07-12T10:16:33.035292+03:00 vostinar-VirtualBox systemd[1365]: Listening on pipewire-pulse.socket - PipeWire PulseAudio.
2025-07-12T10:16:33.035306+03:00 vostinar-VirtualBox systemd[1365]: Listening on pipewire.socket - PipeWire Multimedia System Sockets.
2025-07-12T10:16:33.035321+03:00 vostinar-VirtualBox systemd[1365]: Listening on pk-debconf-helper.socket - debconf communication socket.
2025-07-12T10:16:33.035336+03:00 vostinar-VirtualBox systemd[1365]: Listening on speech-dispatcher.socket - Speech Dispatcher Socket.
2025-07-12T10:16:33.035349+03:00 vostinar-VirtualBox systemd[1365]: Listening on dbus.socket - D-Bus User Message Bus Socket.
2025-07-12T10:16:33.035362+03:00 vostinar-VirtualBox systemd[1365]: Listening on gpg-agent-ssh.socket - GnuPG cryptographic agent (ssh-agent emulation).
2025-07-12T10:16:33.035375+03:00 vostinar-VirtualBox systemd[1365]: Reached target sockets.target - Sockets.
2025-07-12T10:16:33.035388+03:00 vostinar-VirtualBox systemd[1365]: Reached target basic.target - Basic System.
2025-07-12T10:16:33.035403+03:00 vostinar-VirtualBox systemd[1365]: Started pipewire.service - PipeWire Multimedia Service.
2025-07-12T10:16:33.035416+03:00 vostinar-VirtualBox systemd[1365]: Started filter-chain.service - PipeWire filter chain daemon.
2025-07-12T10:16:33.035431+03:00 vostinar-VirtualBox systemd[1]: Started user@1000.service - User Manager for UID 1000.
2025-07-12T10:16:33.035458+03:00 vostinar-VirtualBox systemd[1365]: Started wireplumber.service - Multimedia Service Session Manager.
2025-07-12T10:16:33.035472+03:00 vostinar-VirtualBox systemd[1]: Started session-c1.scope - Session c1 of User vostinar.
2025-07-12T10:16:33.035747+03:00 vostinar-VirtualBox systemd[1365]: Started pipewire-pulse.service - PipeWire PulseAudio.
2025-07-12T10:16:33.035772+03:00 vostinar-VirtualBox systemd[1365]: Reached target default.target - Main User Target.
2025-07-12T10:16:33.035786+03:00 vostinar-VirtualBox systemd[1365]: Startup finished in 279ms.
2025-07-12T10:16:33.035807+03:00 vostinar-VirtualBox systemd[1365]: Starting dbus.service - D-Bus User Message Bus...
2025-07-12T10:16:33.162148+03:00 vostinar-VirtualBox dbus-daemon[1387]: [session uid=1000 pid=1387] AppArmor D-Bus mediation is enabled
2025-07-12T10:16:33.162217+03:00 vostinar-VirtualBox systemd[1365]: Started dbus.service - D-Bus User Message Bus.
2025-07-12T10:16:33.182617+03:00 vostinar-VirtualBox dbus-daemon[758]: [system] Activating via systemd: service name='org.freedesktop.RealtimeKit1' unit='rtkit-daemon.service' requested by ':1.30' (uid=1000 pid=1380 comm="/usr/bin/pipewire-pulse" label="unconfined")
2025-07-12T10:16:33.227434+03:00 vostinar-VirtualBox avahi-daemon[755]: Registering new address record for fd00::a00:27ff:fe29:a0aa on enp0s3.*.
2025-07-12T10:16:33.246237+03:00 vostinar-VirtualBox systemd[1]: Starting rtkit-daemon.service - RealtimeKit Scheduling Policy Service...
2025-07-12T10:16:33.378461+03:00 vostinar-VirtualBox pipewire[1377]: mod.jackdbus-detect: Failed to receive jackdbus reply: org.freedesktop.DBus.Error.ServiceUnknown: The name org.jackaudio.service was not provided by any .service files
2025-07-12T10:16:33.402995+03:00 vostinar-VirtualBox dbus-daemon[758]: [system] Successfully activated service 'org.freedesktop.RealtimeKit1'
2025-07-12T10:16:33.405104+03:00 vostinar-VirtualBox systemd[1]: Started rtkit-daemon.service - RealtimeKit Scheduling Policy Service.
2025-07-12T10:16:33.405246+03:00 vostinar-VirtualBox rtkit-daemon[1404]: Successfully called chroot.
2025-07-12T10:16:33.405315+03:00 vostinar-VirtualBox rtkit-daemon[1404]: Successfully dropped privileges.
2025-07-12T10:16:33.405335+03:00 vostinar-VirtualBox rtkit-daemon[1404]: Successfully limited resources.
2025-07-12T10:16:33.405347+03:00 vostinar-VirtualBox rtkit-daemon[1404]: Canary thread running.
2025-07-12T10:16:33.415656+03:00 vostinar-VirtualBox rtkit-daemon[1404]: Running.
2025-07-12T10:16:33.417341+03:00 vostinar-VirtualBox rtkit-daemon[1404]: Supervising 0 threads of 0 processes of 0 users.
2025-07-12T10:16:33.478339+03:00 vostinar-VirtualBox rtkit-daemon[1404]: message repeated 11 times: [ Supervising 0 threads of 0 processes of 0 users.]
2025-07-12T10:16:33.478368+03:00 vostinar-VirtualBox rtkit-daemon[1404]: Watchdog thread running.
2025-07-12T10:16:33.499977+03:00 vostinar-VirtualBox rtkit-daemon[1404]: Successfully made thread 1380 of process 1380 owned by '1000' high priority at nice level -11.
2025-07-12T10:16:33.500039+03:00 vostinar-VirtualBox rtkit-daemon[1404]: Supervising 1 threads of 1 processes of 1 users.
2025-07-12T10:16:33.508546+03:00 vostinar-VirtualBox rtkit-daemon[1404]: Successfully made thread 1408 of process 1380 owned by '1000' RT at priority 20.
2025-07-12T10:16:33.511192+03:00 vostinar-VirtualBox rtkit-daemon[1404]: Supervising 2 threads of 1 processes of 1 users.
2025-07-12T10:16:33.529153+03:00 vostinar-VirtualBox rtkit-daemon[1404]: Successfully made thread 1405 of process 1378 owned by '1000' RT at priority 20.
2025-07-12T10:16:33.529239+03:00 vostinar-VirtualBox rtkit-daemon[1404]: Supervising 3 threads of 2 processes of 1 users.
2025-07-12T10:16:33.537778+03:00 vostinar-VirtualBox rtkit-daemon[1404]: Successfully made thread 1377 of process 1377 owned by '1000' high priority at nice level -11.
2025-07-12T10:16:33.537927+03:00 vostinar-VirtualBox rtkit-daemon[1404]: Supervising 4 threads of 3 processes of 1 users.
2025-07-12T10:16:33.560774+03:00 vostinar-VirtualBox rtkit-daemon[1404]: Successfully made thread 1409 of process 1377 owned by '1000' RT at priority 20.
2025-07-12T10:16:33.563337+03:00 vostinar-VirtualBox rtkit-daemon[1404]: Supervising 5 threads of 3 processes of 1 users.
2025-07-12T10:16:33.586188+03:00 vostinar-VirtualBox rtkit-daemon[1404]: Successfully made thread 1379 of process 1379 owned by '1000' high priority at nice level -11.
2025-07-12T10:16:33.586270+03:00 vostinar-VirtualBox rtkit-daemon[1404]: Supervising 6 threads of 4 processes of 1 users.
2025-07-12T10:16:33.593788+03:00 vostinar-VirtualBox rtkit-daemon[1404]: Successfully made thread 1406 of process 1379 owned by '1000' RT at priority 20.
2025-07-12T10:16:33.594268+03:00 vostinar-VirtualBox rtkit-daemon[1404]: Supervising 7 threads of 4 processes of 1 users.
2025-07-12T10:16:33.598208+03:00 vostinar-VirtualBox wireplumber[1379]: SPA handle 'api.libcamera.enum.manager' could not be loaded; is it installed?
2025-07-12T10:16:33.598849+03:00 vostinar-VirtualBox wireplumber[1379]: PipeWire's libcamera SPA missing or broken. libcamera not supported.
2025-07-12T10:16:33.655694+03:00 vostinar-VirtualBox wireplumber[1379]: Failed to get percentage from UPower: org.freedesktop.DBus.Error.NameHasNoOwner
2025-07-12T10:16:33.784648+03:00 vostinar-VirtualBox wireplumber[1379]: The decibel volume range for element 'Center' (-4650 dB - -2400 dB) has negative maximum. Disabling the decibel range.
2025-07-12T10:16:33.785098+03:00 vostinar-VirtualBox wireplumber[1379]: The decibel volume range for element 'LFE' (-4650 dB - -2400 dB) has negative maximum. Disabling the decibel range.
2025-07-12T10:16:33.785485+03:00 vostinar-VirtualBox wireplumber[1379]: The decibel volume range for element 'Center' (-4650 dB - -2400 dB) has negative maximum. Disabling the decibel range.
2025-07-12T10:16:33.785672+03:00 vostinar-VirtualBox wireplumber[1379]: The decibel volume range for element 'LFE' (-4650 dB - -2400 dB) has negative maximum. Disabling the decibel range.
2025-07-12T10:16:33.785745+03:00 vostinar-VirtualBox wireplumber[1379]: The decibel volume range for element 'Center' (-4650 dB - -2400 dB) has negative maximum. Disabling the decibel range.
2025-07-12T10:16:33.785763+03:00 vostinar-VirtualBox wireplumber[1379]: The decibel volume range for element 'LFE' (-4650 dB - -2400 dB) has negative maximum. Disabling the decibel range.
2025-07-12T10:16:33.785780+03:00 vostinar-VirtualBox wireplumber[1379]: The decibel volume range for element 'Center' (-4650 dB - -2400 dB) has negative maximum. Disabling the decibel range.
2025-07-12T10:16:33.785796+03:00 vostinar-VirtualBox wireplumber[1379]: The decibel volume range for element 'LFE' (-4650 dB - -2400 dB) has negative maximum. Disabling the decibel range.
2025-07-12T10:16:33.785811+03:00 vostinar-VirtualBox wireplumber[1379]: The decibel volume range for element 'Center' (-4650 dB - -2400 dB) has negative maximum. Disabling the decibel range.
2025-07-12T10:16:33.785827+03:00 vostinar-VirtualBox wireplumber[1379]: The decibel volume range for element 'LFE' (-4650 dB - -2400 dB) has negative maximum. Disabling the decibel range.
2025-07-12T10:16:33.801914+03:00 vostinar-VirtualBox wireplumber[1379]: BlueZ system service is not available
2025-07-12T10:16:36.081512+03:00 vostinar-VirtualBox systemd[1365]: Started gnome-keyring-daemon.service - GNOME Keyring daemon.
2025-07-12T10:16:36.094124+03:00 vostinar-VirtualBox gnome-keyring-daemon[1664]: GNOME_KEYRING_CONTROL=/run/user/1000/keyring
2025-07-12T10:16:36.132258+03:00 vostinar-VirtualBox gnome-keyring-d[1664]: The Secret Service was already initialized
2025-07-12T10:16:36.139279+03:00 vostinar-VirtualBox gnome-keyring-d[1664]: The PKCS#11 component was already initialized
2025-07-12T10:16:36.846854+03:00 vostinar-VirtualBox kernel: workqueue: e1000_watchdog [e1000] hogged CPU for >10000us 4 times, consider switching to WQ_UNBOUND
2025-07-12T10:16:37.359251+03:00 vostinar-VirtualBox dbus-daemon[1387]: [session uid=1000 pid=1387] Activating via systemd: service name='ca.desrt.dconf' unit='dconf.service' requested by ':1.20' (uid=1000 pid=1699 comm="/usr/bin/csd-a11y-settings" label="unconfined")
2025-07-12T10:16:37.531482+03:00 vostinar-VirtualBox systemd[1365]: Starting dconf.service - User preferences database...
2025-07-12T10:16:37.660205+03:00 vostinar-VirtualBox systemd[1]: NetworkManager-dispatcher.service: Deactivated successfully.
2025-07-12T10:16:37.665409+03:00 vostinar-VirtualBox systemd[1]: NetworkManager-dispatcher.service: Consumed 1.424s CPU time, 2.9M memory peak, 0B memory swap peak.
2025-07-12T10:16:37.894002+03:00 vostinar-VirtualBox dbus-daemon[1387]: [session uid=1000 pid=1387] Successfully activated service 'ca.desrt.dconf'
2025-07-12T10:16:37.904320+03:00 vostinar-VirtualBox systemd[1365]: Started dconf.service - User preferences database.
2025-07-12T10:16:39.565838+03:00 vostinar-VirtualBox dbus-daemon[1387]: [session uid=1000 pid=1387] Activating via systemd: service name='org.gtk.vfs.Daemon' unit='gvfs-daemon.service' requested by ':1.24' (uid=1000 pid=1704 comm="/usr/bin/csd-housekeeping" label="unconfined")
2025-07-12T10:16:39.694992+03:00 vostinar-VirtualBox systemd[1365]: Starting gvfs-daemon.service - Virtual filesystem service...
2025-07-12T10:16:39.739465+03:00 vostinar-VirtualBox dbus-daemon[1387]: [session uid=1000 pid=1387] Successfully activated service 'org.gtk.vfs.Daemon'
2025-07-12T10:16:39.743023+03:00 vostinar-VirtualBox systemd[1365]: Started gvfs-daemon.service - Virtual filesystem service.
2025-07-12T10:16:40.316504+03:00 vostinar-VirtualBox dbus-daemon[1387]: [session uid=1000 pid=1387] Activating via systemd: service name='org.gtk.vfs.UDisks2VolumeMonitor' unit='gvfs-udisks2-volume-monitor.service' requested by ':1.31' (uid=1000 pid=1710 comm="/usr/bin/csd-automount" label="unconfined")
2025-07-12T10:16:40.407593+03:00 vostinar-VirtualBox dbus-daemon[758]: [system] Activating via systemd: service name='org.freedesktop.ColorManager' unit='colord.service' requested by ':1.40' (uid=1000 pid=1712 comm="/usr/bin/csd-color" label="unconfined")
2025-07-12T10:16:40.517702+03:00 vostinar-VirtualBox systemd[1]: Starting colord.service - Manage, Install and Generate Color Profiles...
2025-07-12T10:16:40.727559+03:00 vostinar-VirtualBox systemd[1365]: Starting gvfs-udisks2-volume-monitor.service - Virtual filesystem service - disk device monitor...
2025-07-12T10:16:41.218993+03:00 vostinar-VirtualBox colord[1792]: failed to get edid data: EDID length is too small
2025-07-12T10:16:41.281959+03:00 vostinar-VirtualBox dbus-daemon[758]: [system] Activating via systemd: service name='org.freedesktop.UPower' unit='upower.service' requested by ':1.41' (uid=1000 pid=1672 comm="/usr/bin/csd-media-keys" label="unconfined")
2025-07-12T10:16:41.491815+03:00 vostinar-VirtualBox dbus-daemon[758]: [system] Successfully activated service 'org.freedesktop.ColorManager'
2025-07-12T10:16:41.523514+03:00 vostinar-VirtualBox systemd[1]: Starting upower.service - Daemon for power management...
2025-07-12T10:16:41.544461+03:00 vostinar-VirtualBox systemd[1]: Started colord.service - Manage, Install and Generate Color Profiles.
2025-07-12T10:16:41.650430+03:00 vostinar-VirtualBox dbus-daemon[1387]: [session uid=1000 pid=1387] Successfully activated service 'org.gtk.vfs.UDisks2VolumeMonitor'
2025-07-12T10:16:41.680242+03:00 vostinar-VirtualBox systemd[1365]: Started gvfs-udisks2-volume-monitor.service - Virtual filesystem service - disk device monitor.
2025-07-12T10:16:41.859970+03:00 vostinar-VirtualBox dbus-daemon[1387]: [session uid=1000 pid=1387] Activating via systemd: service name='org.gtk.vfs.MTPVolumeMonitor' unit='gvfs-mtp-volume-monitor.service' requested by ':1.31' (uid=1000 pid=1710 comm="/usr/bin/csd-automount" label="unconfined")
2025-07-12T10:16:42.158135+03:00 vostinar-VirtualBox systemd[1365]: Starting gvfs-mtp-volume-monitor.service - Virtual filesystem service - Media Transfer Protocol monitor...
2025-07-12T10:16:42.305093+03:00 vostinar-VirtualBox dbus-daemon[1387]: [session uid=1000 pid=1387] Successfully activated service 'org.gtk.vfs.MTPVolumeMonitor'
2025-07-12T10:16:42.310737+03:00 vostinar-VirtualBox systemd[1365]: Started gvfs-mtp-volume-monitor.service - Virtual filesystem service - Media Transfer Protocol monitor.
2025-07-12T10:16:42.438091+03:00 vostinar-VirtualBox dbus-daemon[1387]: [session uid=1000 pid=1387] Activating via systemd: service name='org.gtk.vfs.AfcVolumeMonitor' unit='gvfs-afc-volume-monitor.service' requested by ':1.31' (uid=1000 pid=1710 comm="/usr/bin/csd-automount" label="unconfined")
2025-07-12T10:16:42.489553+03:00 vostinar-VirtualBox systemd[1365]: Starting gvfs-afc-volume-monitor.service - Virtual filesystem service - Apple File Conduit monitor...
2025-07-12T10:16:42.626650+03:00 vostinar-VirtualBox dbus-daemon[1387]: [session uid=1000 pid=1387] Successfully activated service 'org.gtk.vfs.AfcVolumeMonitor'
2025-07-12T10:16:42.634885+03:00 vostinar-VirtualBox systemd[1365]: Started gvfs-afc-volume-monitor.service - Virtual filesystem service - Apple File Conduit monitor.
2025-07-12T10:16:42.672648+03:00 vostinar-VirtualBox dbus-daemon[758]: [system] Successfully activated service 'org.freedesktop.UPower'
2025-07-12T10:16:42.675450+03:00 vostinar-VirtualBox systemd[1]: Started upower.service - Daemon for power management.
2025-07-12T10:16:42.700067+03:00 vostinar-VirtualBox dbus-daemon[1387]: [session uid=1000 pid=1387] Activating via systemd: service name='org.gtk.vfs.GoaVolumeMonitor' unit='gvfs-goa-volume-monitor.service' requested by ':1.31' (uid=1000 pid=1710 comm="/usr/bin/csd-automount" label="unconfined")
2025-07-12T10:16:42.733217+03:00 vostinar-VirtualBox systemd[1365]: Starting gvfs-goa-volume-monitor.service - Virtual filesystem service - GNOME Online Accounts monitor...
2025-07-12T10:16:42.870478+03:00 vostinar-VirtualBox dbus-daemon[1387]: [session uid=1000 pid=1387] Activating service name='org.gnome.OnlineAccounts' requested by ':1.40' (uid=1000 pid=1829 comm="/usr/libexec/gvfs-goa-volume-monitor" label="unconfined")
2025-07-12T10:16:43.145968+03:00 vostinar-VirtualBox goa-daemon[1839]: goa-daemon version 3.50.4 starting
2025-07-12T10:16:43.230673+03:00 vostinar-VirtualBox dbus-daemon[1387]: [session uid=1000 pid=1387] Activating service name='org.gnome.Identity' requested by ':1.41' (uid=1000 pid=1839 comm="/usr/libexec/goa-daemon" label="unconfined")
2025-07-12T10:16:43.398195+03:00 vostinar-VirtualBox dbus-daemon[1387]: [session uid=1000 pid=1387] Successfully activated service 'org.gnome.Identity'
2025-07-12T10:16:43.517418+03:00 vostinar-VirtualBox dbus-daemon[1387]: [session uid=1000 pid=1387] Successfully activated service 'org.gnome.OnlineAccounts'
2025-07-12T10:16:43.685660+03:00 vostinar-VirtualBox dbus-daemon[1387]: [session uid=1000 pid=1387] Successfully activated service 'org.gtk.vfs.GoaVolumeMonitor'
2025-07-12T10:16:43.705431+03:00 vostinar-VirtualBox systemd[1365]: Started gvfs-goa-volume-monitor.service - Virtual filesystem service - GNOME Online Accounts monitor.
2025-07-12T10:16:43.894075+03:00 vostinar-VirtualBox dbus-daemon[1387]: [session uid=1000 pid=1387] Activating via systemd: service name='org.gtk.vfs.GPhoto2VolumeMonitor' unit='gvfs-gphoto2-volume-monitor.service' requested by ':1.31' (uid=1000 pid=1710 comm="/usr/bin/csd-automount" label="unconfined")
2025-07-12T10:16:43.942148+03:00 vostinar-VirtualBox systemd[1365]: Starting gvfs-gphoto2-volume-monitor.service - Virtual filesystem service - digital camera monitor...
2025-07-12T10:16:44.116101+03:00 vostinar-VirtualBox dbus-daemon[1387]: [session uid=1000 pid=1387] Successfully activated service 'org.gtk.vfs.GPhoto2VolumeMonitor'
2025-07-12T10:16:44.119219+03:00 vostinar-VirtualBox systemd[1365]: Started gvfs-gphoto2-volume-monitor.service - Virtual filesystem service - digital camera monitor.
2025-07-12T10:16:44.654324+03:00 vostinar-VirtualBox kernel: ISO 9660 Extensions: Microsoft Joliet Level 3
2025-07-12T10:16:44.659207+03:00 vostinar-VirtualBox kernel: ISO 9660 Extensions: RRIP_1991A
2025-07-12T10:16:44.741552+03:00 vostinar-VirtualBox udisksd[790]: Mounted /dev/sr0 at /media/vostinar/VBox_GAs_7.1.61 on behalf of uid 1000
2025-07-12T10:16:45.014214+03:00 vostinar-VirtualBox kernel: workqueue: e1000_watchdog [e1000] hogged CPU for >10000us 8 times, consider switching to WQ_UNBOUND
2025-07-12T10:16:45.077823+03:00 vostinar-VirtualBox udisksd[790]: Error probing device: Error sending ATA command IDENTIFY PACKET DEVICE to '/dev/sr0': Unexpected sense data returned:#0120000: 00 00 00 00  00 00 00 00  00 00 00 00  00 00 00 00    ................#0120010: 00 00 00 00  00 00 00 00  00 00 00 00  00 00 00 00    ................#012 (g-io-error-quark, 0)
2025-07-12T10:16:46.555044+03:00 vostinar-VirtualBox NetworkManager[874]: <info>  [1752304606.5544] agent-manager: agent[16791f2edeb151ee,:1.51/org.cinnamon.NetworkAgent/1000]: agent registered
2025-07-12T10:16:47.389705+03:00 vostinar-VirtualBox dbus-daemon[1387]: [session uid=1000 pid=1387] Activating service name='org.cinnamon.ScreenSaver' requested by ':1.13' (uid=1000 pid=1381 comm="/usr/lib/x86_64-linux-gnu/cinnamon-session-binary" label="unconfined")
2025-07-12T10:16:47.547048+03:00 vostinar-VirtualBox systemd[1]: systemd-fsckd.service: Deactivated successfully.
2025-07-12T10:16:47.811749+03:00 vostinar-VirtualBox kernel: workqueue: blk_mq_requeue_work hogged CPU for >10000us 8 times, consider switching to WQ_UNBOUND
2025-07-12T10:16:50.688133+03:00 vostinar-VirtualBox cinnamon-killer-daemon: Bound Cinnamon restart to <Control><Alt>Escape.
2025-07-12T10:16:51.440377+03:00 vostinar-VirtualBox dbus-daemon[1387]: [session uid=1000 pid=1387] Activating via systemd: service name='org.gnome.evolution.dataserver.Sources5' unit='evolution-source-registry.service' requested by ':1.56' (uid=1000 pid=1961 comm="/usr/libexec/evolution-data-server/evolution-alarm" label="unconfined")
2025-07-12T10:16:51.547016+03:00 vostinar-VirtualBox systemd[1365]: Starting evolution-source-registry.service - Evolution source registry...
2025-07-12T10:16:51.638728+03:00 vostinar-VirtualBox kernel: workqueue: blk_mq_run_work_fn hogged CPU for >10000us 128 times, consider switching to WQ_UNBOUND
2025-07-12T10:16:53.129443+03:00 vostinar-VirtualBox dbus-daemon[1387]: [session uid=1000 pid=1387] Successfully activated service 'org.gnome.evolution.dataserver.Sources5'
2025-07-12T10:16:53.131724+03:00 vostinar-VirtualBox systemd[1365]: Started evolution-source-registry.service - Evolution source registry.
2025-07-12T10:16:53.747210+03:00 vostinar-VirtualBox dbus-daemon[1387]: [session uid=1000 pid=1387] Activating via systemd: service name='org.gnome.evolution.dataserver.Calendar8' unit='evolution-calendar-factory.service' requested by ':1.56' (uid=1000 pid=1961 comm="/usr/libexec/evolution-data-server/evolution-alarm" label="unconfined")
2025-07-12T10:16:53.787041+03:00 vostinar-VirtualBox systemd[1365]: Starting evolution-calendar-factory.service - Evolution calendar service...
2025-07-12T10:16:54.377460+03:00 vostinar-VirtualBox dbus-daemon[1387]: [session uid=1000 pid=1387] Activating via systemd: service name='org.bluez.obex' unit='obex.service' requested by ':1.49' (uid=1000 pid=1943 comm="/usr/bin/python3 /usr/bin/blueman-applet" label="unconfined")
2025-07-12T10:16:54.378640+03:00 vostinar-VirtualBox dbus-daemon[758]: [system] Activating via systemd: service name='org.bluez' unit='dbus-org.bluez.service' requested by ':1.57' (uid=1000 pid=1943 comm="/usr/bin/python3 /usr/bin/blueman-applet" label="unconfined")
2025-07-12T10:16:54.408382+03:00 vostinar-VirtualBox systemd[1]: bluetooth.service - Bluetooth service was skipped because of an unmet condition check (ConditionPathIsDirectory=/sys/class/bluetooth).
2025-07-12T10:16:54.451760+03:00 vostinar-VirtualBox systemd[1365]: Starting obex.service - Bluetooth OBEX service...
2025-07-12T10:16:54.529571+03:00 vostinar-VirtualBox org.cinnamon.ScreenSaver[1960]: Loading AccountsService
2025-07-12T10:16:54.529635+03:00 vostinar-VirtualBox org.cinnamon.ScreenSaver[1960]: Fractional scaling active: False
2025-07-12T10:16:54.563987+03:00 vostinar-VirtualBox dbus-daemon[1387]: [session uid=1000 pid=1387] Successfully activated service 'org.gnome.evolution.dataserver.Calendar8'
2025-07-12T10:16:54.564062+03:00 vostinar-VirtualBox systemd[1365]: Started evolution-calendar-factory.service - Evolution calendar service.
2025-07-12T10:16:54.646735+03:00 vostinar-VirtualBox obexd[2062]: OBEX daemon 5.72
2025-07-12T10:16:54.701234+03:00 vostinar-VirtualBox dbus-daemon[1387]: [session uid=1000 pid=1387] Successfully activated service 'org.bluez.obex'
2025-07-12T10:16:54.710895+03:00 vostinar-VirtualBox systemd[1365]: Started obex.service - Bluetooth OBEX service.
2025-07-12T10:16:54.849894+03:00 vostinar-VirtualBox dbus-daemon[1387]: [session uid=1000 pid=1387] Activating via systemd: service name='org.gnome.evolution.dataserver.AddressBook10' unit='evolution-addressbook-factory.service' requested by ':1.59' (uid=1000 pid=2050 comm="/usr/libexec/evolution-calendar-factory" label="unconfined")
2025-07-12T10:16:54.959380+03:00 vostinar-VirtualBox systemd[1365]: Starting evolution-addressbook-factory.service - Evolution address book service...
2025-07-12T10:16:54.991285+03:00 vostinar-VirtualBox org.cinnamon.ScreenSaver[1960]: Trying to connect to logind...
2025-07-12T10:16:55.010922+03:00 vostinar-VirtualBox dbus-daemon[1387]: [session uid=1000 pid=1387] Successfully activated service 'org.cinnamon.ScreenSaver'
2025-07-12T10:16:55.024519+03:00 vostinar-VirtualBox org.cinnamon.ScreenSaver[1960]: Starting screensaver...
2025-07-12T10:16:55.321561+03:00 vostinar-VirtualBox dbus-daemon[1387]: [session uid=1000 pid=1387] Successfully activated service 'org.gnome.evolution.dataserver.AddressBook10'
2025-07-12T10:16:55.326088+03:00 vostinar-VirtualBox systemd[1365]: Started evolution-addressbook-factory.service - Evolution address book service.
2025-07-12T10:16:55.610735+03:00 vostinar-VirtualBox systemd[1]: systemd-hostnamed.service: Deactivated successfully.
2025-07-12T10:16:55.909100+03:00 vostinar-VirtualBox org.cinnamon.ScreenSaver[1960]: Cinnamon Screensaver support not found in current theme - adding some...
2025-07-12T10:16:55.958084+03:00 vostinar-VirtualBox dbus-daemon[1387]: [session uid=1000 pid=1387] Activating service name='org.cinnamon.CalendarServer' requested by ':1.45' (uid=1000 pid=1868 comm="cinnamon --replace" label="unconfined")
2025-07-12T10:16:56.192862+03:00 vostinar-VirtualBox org.cinnamon.ScreenSaver[1960]: Successfully using logind
2025-07-12T10:16:56.477658+03:00 vostinar-VirtualBox systemd[1]: blueman-mechanism.service: Deactivated successfully.
2025-07-12T10:16:56.477779+03:00 vostinar-VirtualBox systemd[1]: blueman-mechanism.service: Consumed 2.767s CPU time, 32.2M memory peak, 0B memory swap peak.
2025-07-12T10:16:56.644587+03:00 vostinar-VirtualBox dbus-daemon[1387]: [session uid=1000 pid=1387] Successfully activated service 'org.cinnamon.CalendarServer'
2025-07-12T10:16:59.188088+03:00 vostinar-VirtualBox dbus-daemon[1387]: [session uid=1000 pid=1387] Activating via systemd: service name='org.gtk.vfs.Metadata' unit='gvfs-metadata.service' requested by ':1.52' (uid=1000 pid=1962 comm="/usr/bin/nemo-desktop" label="unconfined")
2025-07-12T10:16:59.212437+03:00 vostinar-VirtualBox systemd[1365]: Starting gvfs-metadata.service - Virtual filesystem metadata service...
2025-07-12T10:16:59.244448+03:00 vostinar-VirtualBox dbus-daemon[1387]: [session uid=1000 pid=1387] Successfully activated service 'org.gtk.vfs.Metadata'
2025-07-12T10:16:59.244915+03:00 vostinar-VirtualBox systemd[1365]: Started gvfs-metadata.service - Virtual filesystem metadata service.
2025-07-12T10:17:01.146889+03:00 vostinar-VirtualBox CRON[2180]: (root) CMD (cd / && run-parts --report /etc/cron.hourly)
2025-07-12T10:17:17.494934+03:00 vostinar-VirtualBox org.cinnamon.CalendarServer[2108]: SET TIME: from 2025-06-29T00:00:00+03 to 2025-08-09T23:59:59+03
2025-07-12T10:17:17.495274+03:00 vostinar-VirtualBox org.cinnamon.CalendarServer[2108]: Discovered calendar:  Birthdays & Anniversaries
2025-07-12T10:17:17.495291+03:00 vostinar-VirtualBox org.cinnamon.CalendarServer[2108]: Discovered calendar:  Personal
2025-07-12T10:17:17.495302+03:00 vostinar-VirtualBox org.cinnamon.CalendarServer[2108]: SET TIME: from 2025-06-29T00:00:00+03 to 2025-08-09T23:59:59+03
2025-07-12T10:17:25.940623+03:00 vostinar-VirtualBox org.cinnamon.ScreenSaver[1960]: AccountsService ready
2025-07-12T10:18:57.485012+03:00 vostinar-VirtualBox dbus-daemon[1387]: [session uid=1000 pid=1387] Activating via systemd: service name='org.gnome.Terminal' unit='gnome-terminal-server.service' requested by ':1.77' (uid=1000 pid=2278 comm="/usr/bin/gnome-terminal.real" label="unconfined")
2025-07-12T10:18:57.507398+03:00 vostinar-VirtualBox systemd[1365]: Created slice app-org.gnome.Terminal.slice - Slice /app/org.gnome.Terminal.
2025-07-12T10:18:57.523825+03:00 vostinar-VirtualBox systemd[1365]: Starting gnome-terminal-server.service - GNOME Terminal Server...
2025-07-12T10:18:57.623017+03:00 vostinar-VirtualBox dbus-daemon[1387]: [session uid=1000 pid=1387] Activating via systemd: service name='org.freedesktop.portal.Desktop' unit='xdg-desktop-portal.service' requested by ':1.78' (uid=1000 pid=2282 comm="/usr/libexec/gnome-terminal-server" label="unconfined")
2025-07-12T10:18:57.636157+03:00 vostinar-VirtualBox systemd[1365]: Starting xdg-desktop-portal.service - Portal service...
2025-07-12T10:18:57.668598+03:00 vostinar-VirtualBox dbus-daemon[1387]: [session uid=1000 pid=1387] Activating via systemd: service name='org.freedesktop.portal.Documents' unit='xdg-document-portal.service' requested by ':1.79' (uid=1000 pid=2287 comm="/usr/libexec/xdg-desktop-portal" label="unconfined")
2025-07-12T10:18:57.695177+03:00 vostinar-VirtualBox systemd[1365]: Starting xdg-document-portal.service - flatpak document portal service...
2025-07-12T10:18:57.708088+03:00 vostinar-VirtualBox dbus-daemon[1387]: [session uid=1000 pid=1387] Activating via systemd: service name='org.freedesktop.impl.portal.PermissionStore' unit='xdg-permission-store.service' requested by ':1.80' (uid=1000 pid=2292 comm="/usr/libexec/xdg-document-portal" label="unconfined")
2025-07-12T10:18:57.713068+03:00 vostinar-VirtualBox systemd[1365]: Starting xdg-permission-store.service - sandboxed app permission store...
2025-07-12T10:18:57.739667+03:00 vostinar-VirtualBox dbus-daemon[1387]: [session uid=1000 pid=1387] Successfully activated service 'org.freedesktop.impl.portal.PermissionStore'
2025-07-12T10:18:57.740970+03:00 vostinar-VirtualBox systemd[1365]: Started xdg-permission-store.service - sandboxed app permission store.
2025-07-12T10:18:57.747494+03:00 vostinar-VirtualBox dbus-daemon[1387]: [session uid=1000 pid=1387] Successfully activated service 'org.freedesktop.portal.Documents'
2025-07-12T10:18:57.748356+03:00 vostinar-VirtualBox systemd[1365]: Started xdg-document-portal.service - flatpak document portal service.
2025-07-12T10:18:57.758325+03:00 vostinar-VirtualBox xdg-document-portal[2292]: Ignoring invalid max threads value 4294967295 > max (100000).
2025-07-12T10:18:57.818989+03:00 vostinar-VirtualBox dbus-daemon[1387]: [session uid=1000 pid=1387] Activating via systemd: service name='org.freedesktop.impl.portal.desktop.xapp' unit='xdg-desktop-portal-xapp.service' requested by ':1.79' (uid=1000 pid=2287 comm="/usr/libexec/xdg-desktop-portal" label="unconfined")
2025-07-12T10:18:57.844162+03:00 vostinar-VirtualBox systemd[1365]: Starting xdg-desktop-portal-xapp.service - Portal service (XApp implementation)...
2025-07-12T10:18:57.871554+03:00 vostinar-VirtualBox dbus-daemon[1387]: [session uid=1000 pid=1387] Activating service name='org.cinnamon.ScreenSaver' requested by ':1.82' (uid=1000 pid=2308 comm="/usr/libexec/xdg-desktop-portal-xapp" label="unconfined")
2025-07-12T10:18:58.079630+03:00 vostinar-VirtualBox org.cinnamon.ScreenSaver[2315]: Loading AccountsService
2025-07-12T10:18:58.079717+03:00 vostinar-VirtualBox org.cinnamon.ScreenSaver[2315]: Fractional scaling active: False
2025-07-12T10:18:58.091367+03:00 vostinar-VirtualBox org.cinnamon.ScreenSaver[2315]: Trying to connect to logind...
2025-07-12T10:18:58.093331+03:00 vostinar-VirtualBox dbus-daemon[1387]: [session uid=1000 pid=1387] Successfully activated service 'org.cinnamon.ScreenSaver'
2025-07-12T10:18:58.099263+03:00 vostinar-VirtualBox org.cinnamon.ScreenSaver[2315]: Starting screensaver...
2025-07-12T10:18:58.176640+03:00 vostinar-VirtualBox org.cinnamon.ScreenSaver[2315]: Cinnamon Screensaver support not found in current theme - adding some...
2025-07-12T10:18:58.200408+03:00 vostinar-VirtualBox dbus-daemon[1387]: [session uid=1000 pid=1387] Successfully activated service 'org.freedesktop.impl.portal.desktop.xapp'
2025-07-12T10:18:58.200505+03:00 vostinar-VirtualBox systemd[1365]: Started xdg-desktop-portal-xapp.service - Portal service (XApp implementation).
2025-07-12T10:18:58.230371+03:00 vostinar-VirtualBox org.cinnamon.ScreenSaver[2315]: Successfully using logind
2025-07-12T10:18:58.243844+03:00 vostinar-VirtualBox rtkit-daemon[1404]: Supervising 7 threads of 4 processes of 1 users.
2025-07-12T10:18:58.245526+03:00 vostinar-VirtualBox rtkit-daemon[1404]: message repeated 2 times: [ Supervising 7 threads of 4 processes of 1 users.]
2025-07-12T10:18:58.248176+03:00 vostinar-VirtualBox dbus-daemon[1387]: [session uid=1000 pid=1387] Activating via systemd: service name='org.freedesktop.impl.portal.desktop.gtk' unit='xdg-desktop-portal-gtk.service' requested by ':1.79' (uid=1000 pid=2287 comm="/usr/libexec/xdg-desktop-portal" label="unconfined")
2025-07-12T10:18:58.267334+03:00 vostinar-VirtualBox systemd[1365]: Starting xdg-desktop-portal-gtk.service - Portal service (GTK/GNOME implementation)...
2025-07-12T10:18:58.366046+03:00 vostinar-VirtualBox dbus-daemon[1387]: [session uid=1000 pid=1387] Successfully activated service 'org.freedesktop.impl.portal.desktop.gtk'
2025-07-12T10:18:58.367459+03:00 vostinar-VirtualBox systemd[1365]: Started xdg-desktop-portal-gtk.service - Portal service (GTK/GNOME implementation).
2025-07-12T10:18:58.407391+03:00 vostinar-VirtualBox dbus-daemon[1387]: [session uid=1000 pid=1387] Successfully activated service 'org.freedesktop.portal.Desktop'
2025-07-12T10:18:58.414177+03:00 vostinar-VirtualBox systemd[1365]: Started xdg-desktop-portal.service - Portal service.
2025-07-12T10:18:58.512836+03:00 vostinar-VirtualBox dbus-daemon[1387]: [session uid=1000 pid=1387] Successfully activated service 'org.gnome.Terminal'
2025-07-12T10:18:58.513002+03:00 vostinar-VirtualBox systemd[1365]: Started gnome-terminal-server.service - GNOME Terminal Server.
2025-07-12T10:18:58.683028+03:00 vostinar-VirtualBox systemd[1365]: Started vte-spawn-3dfe9ad2-88cf-41a6-aad4-3a0b38490c1e.scope - VTE child process 2337 launched by gnome-terminal-server process 2282.
2025-07-12T10:19:28.209653+03:00 vostinar-VirtualBox org.cinnamon.ScreenSaver[2315]: AccountsService ready
2025-07-12T10:19:37.047092+03:00 vostinar-VirtualBox kernel: workqueue: e1000_watchdog [e1000] hogged CPU for >10000us 16 times, consider switching to WQ_UNBOUND
2025-07-12T10:20:37.744419+03:00 vostinar-VirtualBox dbus-daemon[758]: [system] Activating via systemd: service name='org.freedesktop.hostname1' unit='dbus-org.freedesktop.hostname1.service' requested by ':1.69' (uid=1000 pid=2353 comm="gnome-screenshot" label="unconfined")
2025-07-12T10:20:37.796283+03:00 vostinar-VirtualBox systemd[1]: Starting systemd-hostnamed.service - Hostname Service...
2025-07-12T10:20:38.026024+03:00 vostinar-VirtualBox dbus-daemon[758]: [system] Successfully activated service 'org.freedesktop.hostname1'
2025-07-12T10:20:38.029900+03:00 vostinar-VirtualBox systemd[1]: Started systemd-hostnamed.service - Hostname Service.
2025-07-12T10:20:39.109319+03:00 vostinar-VirtualBox gvfsd-wsdd[2393]: Failed to spawn the wsdd daemon: Failed to execute child process “wsdd” (No such file or directory)
2025-07-12T10:20:39.114129+03:00 vostinar-VirtualBox gvfsd-network[2370]: Couldn't create directory monitor on wsdd:///. Error: Automount failed: Failed to spawn the underlying wsdd daemon.
2025-07-12T10:20:39.296246+03:00 vostinar-VirtualBox gvfsd-network[2370]: Couldn't create directory monitor on wsdd:///. Error: Automount failed: mountpoint for org.gtk.vfs.mountpoint_wsdd already running
2025-07-12T10:20:43.451983+03:00 vostinar-VirtualBox kernel: ------------[ cut here ]------------
2025-07-12T10:20:43.452541+03:00 vostinar-VirtualBox kernel: UBSAN: array-index-out-of-bounds in /tmp/vbox.0/VBoxGuestR0LibHGCMInternal.c:643:46
2025-07-12T10:20:43.452544+03:00 vostinar-VirtualBox kernel: index 1 is out of range for type 'RTGCPHYS64 [1]'
2025-07-12T10:20:43.452545+03:00 vostinar-VirtualBox kernel: CPU: 7 PID: 1545 Comm: VBoxClient Tainted: G        W  OE      6.8.0-51-generic #52-Ubuntu
2025-07-12T10:20:43.452545+03:00 vostinar-VirtualBox kernel: Hardware name: innotek GmbH VirtualBox/VirtualBox, BIOS VirtualBox 12/01/2006
2025-07-12T10:20:43.452547+03:00 vostinar-VirtualBox kernel: Call Trace:
2025-07-12T10:20:43.452547+03:00 vostinar-VirtualBox kernel:  <TASK>
2025-07-12T10:20:43.452548+03:00 vostinar-VirtualBox kernel:  dump_stack_lvl+0x76/0xa0
2025-07-12T10:20:43.452548+03:00 vostinar-VirtualBox kernel:  dump_stack+0x10/0x20
2025-07-12T10:20:43.452549+03:00 vostinar-VirtualBox kernel:  __ubsan_handle_out_of_bounds+0xc6/0x110
2025-07-12T10:20:43.452549+03:00 vostinar-VirtualBox kernel:  VbglR0HGCMInternalCall+0x1632/0x1950 [vboxguest]
2025-07-12T10:20:43.452549+03:00 vostinar-VirtualBox kernel:  ? __pfx_vgdrvHgcmAsyncWaitCallbackInterruptible+0x10/0x10 [vboxguest]
2025-07-12T10:20:43.452550+03:00 vostinar-VirtualBox kernel:  ? finish_task_switch.isra.0+0x93/0x300
2025-07-12T10:20:43.452551+03:00 vostinar-VirtualBox kernel:  vgdrvIoCtl_HGCMCallInner.constprop.0+0x158/0x2e0 [vboxguest]
2025-07-12T10:20:43.452552+03:00 vostinar-VirtualBox kernel:  ? __kmalloc+0x1c0/0x4f0
2025-07-12T10:20:43.452552+03:00 vostinar-VirtualBox kernel:  VGDrvCommonIoCtl+0x65c/0x1d00 [vboxguest]
2025-07-12T10:20:43.452552+03:00 vostinar-VirtualBox kernel:  ? __check_object_size.part.0+0x72/0x150
2025-07-12T10:20:43.452553+03:00 vostinar-VirtualBox kernel:  ? _copy_from_user+0x2f/0x80
2025-07-12T10:20:43.452554+03:00 vostinar-VirtualBox kernel:  vgdrvLinuxIOCtl+0x107/0x290 [vboxguest]
2025-07-12T10:20:43.452554+03:00 vostinar-VirtualBox kernel:  __x64_sys_ioctl+0xa0/0xf0
2025-07-12T10:20:43.452555+03:00 vostinar-VirtualBox kernel:  x64_sys_call+0x12a3/0x25a0
2025-07-12T10:20:43.452556+03:00 vostinar-VirtualBox kernel:  do_syscall_64+0x7f/0x180
2025-07-12T10:20:43.452556+03:00 vostinar-VirtualBox kernel:  ? syscall_exit_to_user_mode+0x86/0x260
2025-07-12T10:20:43.452557+03:00 vostinar-VirtualBox kernel:  ? do_syscall_64+0x8c/0x180
2025-07-12T10:20:43.452557+03:00 vostinar-VirtualBox kernel:  ? switch_fpu_return+0x55/0xf0
2025-07-12T10:20:43.452558+03:00 vostinar-VirtualBox kernel:  ? syscall_exit_to_user_mode+0x86/0x260
2025-07-12T10:20:43.452559+03:00 vostinar-VirtualBox kernel:  ? clear_bhb_loop+0x15/0x70
2025-07-12T10:20:43.452587+03:00 vostinar-VirtualBox kernel: message repeated 2 times: [  ? clear_bhb_loop+0x15/0x70]
2025-07-12T10:20:43.452588+03:00 vostinar-VirtualBox kernel:  entry_SYSCALL_64_after_hwframe+0x78/0x80
2025-07-12T10:20:43.452592+03:00 vostinar-VirtualBox kernel: RIP: 0033:0x7a1ef6d24ded
2025-07-12T10:20:43.452593+03:00 vostinar-VirtualBox kernel: Code: 04 25 28 00 00 00 48 89 45 c8 31 c0 48 8d 45 10 c7 45 b0 10 00 00 00 48 89 45 b8 48 8d 45 d0 48 89 45 c0 b8 10 00 00 00 0f 05 <89> c2 3d 00 f0 ff ff 77 1a 48 8b 45 c8 64 48 2b 04 25 28 00 00 00
2025-07-12T10:20:43.452594+03:00 vostinar-VirtualBox kernel: RSP: 002b:00007a1ef61fec40 EFLAGS: 00000246 ORIG_RAX: 0000000000000010
2025-07-12T10:20:43.452594+03:00 vostinar-VirtualBox kernel: RAX: ffffffffffffffda RBX: 00007a1ef61fecd0 RCX: 00007a1ef6d24ded
2025-07-12T10:20:43.452595+03:00 vostinar-VirtualBox kernel: RDX: 00007a1ef61fecd0 RSI: 00000000c0585607 RDI: 0000000000000003
2025-07-12T10:20:43.452596+03:00 vostinar-VirtualBox kernel: RBP: 00007a1ef61fec90 R08: 00007a1ee80008e0 R09: 0000000000000007
2025-07-12T10:20:43.452596+03:00 vostinar-VirtualBox kernel: R10: 00007a1ee40286d0 R11: 0000000000000246 R12: 00000000005c0c00
2025-07-12T10:20:43.452597+03:00 vostinar-VirtualBox kernel: R13: 0000000000349828 R14: 00007a1ef5000010 R15: 0000000000000002
2025-07-12T10:20:43.452597+03:00 vostinar-VirtualBox kernel:  </TASK>
2025-07-12T10:20:43.452598+03:00 vostinar-VirtualBox kernel: ---[ end trace ]---
2025-07-12T10:21:08.092254+03:00 vostinar-VirtualBox systemd[1]: systemd-hostnamed.service: Deactivated successfully.
2025-07-12T10:21:19.052773+03:00 vostinar-VirtualBox anacron[754]: Job `cron.daily' started
2025-07-12T10:21:19.070837+03:00 vostinar-VirtualBox anacron[2437]: Updated timestamp for job `cron.daily' to 2025-07-12
2025-07-12T10:21:19.172394+03:00 vostinar-VirtualBox anacron[754]: Job `cron.daily' terminated
2025-07-12T10:21:19.172458+03:00 vostinar-VirtualBox anacron[754]: Normal exit (1 job run)
2025-07-12T10:21:19.173550+03:00 vostinar-VirtualBox systemd[1]: anacron.service: Deactivated successfully.
2025-07-12T10:22:02.587136+03:00 vostinar-VirtualBox systemd[1365]: launchpadlib-cache-clean.service - Clean up old files in the Launchpadlib cache was skipped because of an unmet condition check (ConditionPathExists=/home/vostinar/.launchpadlib/api.launchpad.net/cache).
2025-07-12T10:23:26.630593+03:00 vostinar-VirtualBox kernel: workqueue: vmstat_shepherd hogged CPU for >10000us 4 times, consider switching to WQ_UNBOUND
2025-07-12T10:30:01.290898+03:00 vostinar-VirtualBox CRON[2530]: (root) CMD ([ -x /etc/init.d/anacron ] && if [ ! -d /run/systemd/system ]; then /usr/sbin/invoke-rc.d anacron start >/dev/null; fi)
2025-07-12T10:31:27.809899+03:00 vostinar-VirtualBox systemd[1]: Starting systemd-tmpfiles-clean.service - Cleanup of Temporary Directories...
2025-07-12T10:31:27.910653+03:00 vostinar-VirtualBox systemd[1]: systemd-tmpfiles-clean.service: Deactivated successfully.
2025-07-12T10:31:27.910770+03:00 vostinar-VirtualBox systemd[1]: Finished systemd-tmpfiles-clean.service - Cleanup of Temporary Directories.
2025-07-12T10:34:28.111303+03:00 vostinar-VirtualBox kernel: workqueue: ata_sff_pio_task hogged CPU for >10000us 8 times, consider switching to WQ_UNBOUND
2025-07-12T10:34:58.963419+03:00 vostinar-VirtualBox systemd[1]: Started anacron.service - Run anacron jobs.
2025-07-12T10:34:58.965331+03:00 vostinar-VirtualBox anacron[2571]: Anacron 2.3 started on 2025-07-12
2025-07-12T10:34:58.965521+03:00 vostinar-VirtualBox anacron[2571]: Normal exit (0 jobs run)
2025-07-12T10:34:58.965866+03:00 vostinar-VirtualBox systemd[1]: anacron.service: Deactivated successfully.
2025-07-14T08:44:53.434820+03:00 vostinar-VirtualBox systemd[1]: Mounted sys-fs-fuse-connections.mount - FUSE Control File System.
2025-07-14T08:44:53.463581+03:00 vostinar-VirtualBox systemd[1]: Mounted sys-kernel-config.mount - Kernel Configuration File System.
2025-07-14T08:44:53.463628+03:00 vostinar-VirtualBox systemd[1]: run-vmblock\x2dfuse.mount - VMware vmblock fuse mount was skipped because of an unmet condition check (ConditionVirtualization=vmware).
2025-07-14T08:44:53.463631+03:00 vostinar-VirtualBox systemd[1]: Finished systemd-remount-fs.service - Remount Root and Kernel File Systems.
2025-07-14T08:44:53.463634+03:00 vostinar-VirtualBox systemd-modules-load[408]: Inserted module 'lp'
2025-07-14T08:44:53.463636+03:00 vostinar-VirtualBox systemd[1]: Activating swap swapfile.swap - /swapfile...
2025-07-14T08:44:53.463637+03:00 vostinar-VirtualBox systemd[1]: systemd-hwdb-update.service - Rebuild Hardware Database was skipped because of an unmet condition check (ConditionNeedsUpdate=/etc).
2025-07-14T08:44:53.463652+03:00 vostinar-VirtualBox systemd[1]: Starting systemd-journal-flush.service - Flush Journal to Persistent Storage...
2025-07-14T08:44:53.463654+03:00 vostinar-VirtualBox systemd[1]: systemd-pstore.service - Platform Persistent Storage Archival was skipped because of an unmet condition check (ConditionDirectoryNotEmpty=/sys/fs/pstore).
2025-07-14T08:44:53.463656+03:00 vostinar-VirtualBox systemd[1]: Starting systemd-random-seed.service - Load/Save OS Random Seed...
2025-07-14T08:44:53.463658+03:00 vostinar-VirtualBox systemd[1]: systemd-tpm2-setup.service - TPM2 SRK Setup was skipped because of an unmet condition check (ConditionSecurity=measured-uki).
2025-07-14T08:44:53.463660+03:00 vostinar-VirtualBox systemd[1]: Finished systemd-udev-trigger.service - Coldplug All udev Devices.
2025-07-14T08:44:53.463661+03:00 vostinar-VirtualBox systemd[1]: Finished lvm2-monitor.service - Monitoring of LVM2 mirrors, snapshots etc. using dmeventd or progress polling.
2025-07-14T08:44:53.463675+03:00 vostinar-VirtualBox systemd[1]: Activated swap swapfile.swap - /swapfile.
2025-07-14T08:44:53.463678+03:00 vostinar-VirtualBox systemd[1]: Reached target swap.target - Swaps.
2025-07-14T08:44:53.463679+03:00 vostinar-VirtualBox systemd-modules-load[408]: Inserted module 'ppdev'
2025-07-14T08:44:53.463681+03:00 vostinar-VirtualBox systemd[1]: Finished keyboard-setup.service - Set the console keyboard layout.
2025-07-14T08:44:53.463683+03:00 vostinar-VirtualBox systemd[1]: Finished systemd-tmpfiles-setup-dev-early.service - Create Static Device Nodes in /dev gracefully.
2025-07-14T08:44:53.463685+03:00 vostinar-VirtualBox systemd[1]: systemd-sysusers.service - Create System Users was skipped because no trigger condition checks were met.
2025-07-14T08:44:53.463698+03:00 vostinar-VirtualBox systemd[1]: Starting systemd-tmpfiles-setup-dev.service - Create Static Device Nodes in /dev...
2025-07-14T08:44:53.463701+03:00 vostinar-VirtualBox systemd-modules-load[408]: Inserted module 'parport_pc'
2025-07-14T08:44:53.463703+03:00 vostinar-VirtualBox systemd[1]: Finished systemd-random-seed.service - Load/Save OS Random Seed.
2025-07-14T08:44:53.463704+03:00 vostinar-VirtualBox systemd-modules-load[408]: Module 'ecryptfs' is built in
2025-07-14T08:44:53.463706+03:00 vostinar-VirtualBox systemd[1]: Finished systemd-tmpfiles-setup-dev.service - Create Static Device Nodes in /dev.
2025-07-14T08:44:53.463708+03:00 vostinar-VirtualBox systemd[1]: Reached target local-fs-pre.target - Preparation for Local File Systems.
2025-07-14T08:44:53.463720+03:00 vostinar-VirtualBox systemd-modules-load[408]: Inserted module 'msr'
2025-07-14T08:44:53.463722+03:00 vostinar-VirtualBox systemd[1]: Starting systemd-udevd.service - Rule-based Manager for Device Events and Files...
2025-07-14T08:44:53.463724+03:00 vostinar-VirtualBox systemd-modules-load[408]: Module 'fuse' is built in
2025-07-14T08:44:53.463726+03:00 vostinar-VirtualBox systemd-udevd[457]: Using default interface naming scheme 'v255'.
2025-07-14T08:44:53.463728+03:00 vostinar-VirtualBox systemd-modules-load[408]: Inserted module 'vmwgfx'
2025-07-14T08:44:53.463729+03:00 vostinar-VirtualBox systemd[1]: Finished systemd-modules-load.service - Load Kernel Modules.
2025-07-14T08:44:53.463742+03:00 vostinar-VirtualBox systemd[1]: Starting systemd-sysctl.service - Apply Kernel Variables...
2025-07-14T08:44:53.463744+03:00 vostinar-VirtualBox systemd[1]: Finished systemd-sysctl.service - Apply Kernel Variables.
2025-07-14T08:44:53.463745+03:00 vostinar-VirtualBox systemd[1]: Started systemd-udevd.service - Rule-based Manager for Device Events and Files.
2025-07-14T08:44:53.463747+03:00 vostinar-VirtualBox systemd[1]: Starting plymouth-start.service - Show Plymouth Boot Screen...
2025-07-14T08:44:53.463749+03:00 vostinar-VirtualBox systemd[1]: Started plymouth-start.service - Show Plymouth Boot Screen.
2025-07-14T08:44:53.463750+03:00 vostinar-VirtualBox systemd[1]: systemd-ask-password-console.path - Dispatch Password Requests to Console Directory Watch was skipped because of an unmet condition check (ConditionPathExists=!/run/plymouth/pid).
2025-07-14T08:44:53.463763+03:00 vostinar-VirtualBox systemd[1]: Started systemd-ask-password-plymouth.path - Forward Password Requests to Plymouth Directory Watch.
2025-07-14T08:44:53.463766+03:00 vostinar-VirtualBox systemd[1]: Reached target cryptsetup.target - Local Encrypted Volumes.
2025-07-14T08:44:53.463768+03:00 vostinar-VirtualBox systemd[1]: Finished systemd-journal-flush.service - Flush Journal to Persistent Storage.
2025-07-14T08:44:53.463770+03:00 vostinar-VirtualBox mtp-probe: checking bus 1, device 2: "/sys/devices/pci0000:00/0000:00:06.0/usb1/1-1"
2025-07-14T08:44:53.463773+03:00 vostinar-VirtualBox mtp-probe: bus: 1, device: 2 was not an MTP device
2025-07-14T08:44:53.463788+03:00 vostinar-VirtualBox systemd[1]: Found device dev-disk-by\x2duuid-5525\x2d5531.device - VBOX_HARDDISK EFI\x20System\x20Partition.
2025-07-14T08:44:53.463791+03:00 vostinar-VirtualBox systemd[1]: Starting systemd-fsck@dev-disk-by\x2duuid-5525\x2d5531.service - File System Check on /dev/disk/by-uuid/5525-5531...
2025-07-14T08:44:53.463793+03:00 vostinar-VirtualBox systemd[1]: Started systemd-fsckd.service - File System Check Daemon to report status.
2025-07-14T08:44:53.463794+03:00 vostinar-VirtualBox systemd[1]: Listening on systemd-rfkill.socket - Load/Save RF Kill Switch Status /dev/rfkill Watch.
2025-07-14T08:44:53.463796+03:00 vostinar-VirtualBox (udev-worker)[502]: vboxguest: /etc/udev/rules.d/60-vboxadd.rules:1 Only network interfaces can be renamed, ignoring NAME="vboxguest".
2025-07-14T08:44:53.463798+03:00 vostinar-VirtualBox (udev-worker)[471]: vboxuser: /etc/udev/rules.d/60-vboxadd.rules:2 Only network interfaces can be renamed, ignoring NAME="vboxuser".
2025-07-14T08:44:53.463814+03:00 vostinar-VirtualBox systemd-fsck[573]: fsck.fat 4.2 (2021-01-31)
2025-07-14T08:44:53.463817+03:00 vostinar-VirtualBox systemd-fsck[573]: There are differences between boot sector and its backup.
2025-07-14T08:44:53.463820+03:00 vostinar-VirtualBox systemd-fsck[573]: This is mostly harmless. Differences: (offset:original/backup)
2025-07-14T08:44:53.463822+03:00 vostinar-VirtualBox systemd-fsck[573]:   65:01/00
2025-07-14T08:44:53.463825+03:00 vostinar-VirtualBox systemd-fsck[573]:   Not automatically fixing this.
2025-07-14T08:44:53.463827+03:00 vostinar-VirtualBox systemd-fsck[573]: Dirty bit is set. Fs was not properly unmounted and some data may be corrupt.
2025-07-14T08:44:53.463843+03:00 vostinar-VirtualBox systemd-fsck[573]:  Automatically removing dirty bit.
2025-07-14T08:44:53.463846+03:00 vostinar-VirtualBox systemd-fsck[573]: *** Filesystem was changed ***
2025-07-14T08:44:53.463849+03:00 vostinar-VirtualBox systemd-fsck[573]: Writing changes.
2025-07-14T08:44:53.463852+03:00 vostinar-VirtualBox systemd-fsck[573]: /dev/sda2: 11 files, 1571/131063 clusters
2025-07-14T08:44:53.463856+03:00 vostinar-VirtualBox systemd[1]: Finished systemd-fsck@dev-disk-by\x2duuid-5525\x2d5531.service - File System Check on /dev/disk/by-uuid/5525-5531.
2025-07-14T08:44:53.463859+03:00 vostinar-VirtualBox systemd[1]: Mounting boot-efi.mount - /boot/efi...
2025-07-14T08:44:53.463873+03:00 vostinar-VirtualBox systemd[1]: Mounted boot-efi.mount - /boot/efi.
2025-07-14T08:44:53.463876+03:00 vostinar-VirtualBox systemd[1]: Reached target local-fs.target - Local File Systems.
2025-07-14T08:44:53.463878+03:00 vostinar-VirtualBox systemd[1]: Listening on systemd-sysext.socket - System Extension Image Management (Varlink).
2025-07-14T08:44:53.463880+03:00 vostinar-VirtualBox systemd[1]: Starting apparmor.service - Load AppArmor profiles...
2025-07-14T08:44:53.463881+03:00 vostinar-VirtualBox systemd[1]: Starting console-setup.service - Set console font and keymap...
2025-07-14T08:44:53.463883+03:00 vostinar-VirtualBox systemd[1]: Starting finalrd.service - Create final runtime dir for shutdown pivot root...
2025-07-14T08:44:53.463898+03:00 vostinar-VirtualBox systemd[1]: ldconfig.service - Rebuild Dynamic Linker Cache was skipped because no trigger condition checks were met.
2025-07-14T08:44:53.463902+03:00 vostinar-VirtualBox systemd[1]: Starting plymouth-read-write.service - Tell Plymouth To Write Out Runtime Data...
2025-07-14T08:44:53.463905+03:00 vostinar-VirtualBox apparmor.systemd[600]: Restarting AppArmor
2025-07-14T08:44:53.463907+03:00 vostinar-VirtualBox apparmor.systemd[600]: Reloading AppArmor profiles
2025-07-14T08:44:53.463910+03:00 vostinar-VirtualBox systemd[1]: Starting systemd-binfmt.service - Set Up Additional Binary Formats...
2025-07-14T08:44:53.463924+03:00 vostinar-VirtualBox systemd[1]: Starting systemd-tmpfiles-setup.service - Create Volatile Files and Directories...
2025-07-14T08:44:53.463927+03:00 vostinar-VirtualBox systemd[1]: Starting ufw.service - Uncomplicated firewall...
2025-07-14T08:44:53.463929+03:00 vostinar-VirtualBox systemd[1]: Finished console-setup.service - Set console font and keymap.
2025-07-14T08:44:53.463931+03:00 vostinar-VirtualBox systemd[1]: Finished finalrd.service - Create final runtime dir for shutdown pivot root.
2025-07-14T08:44:53.463933+03:00 vostinar-VirtualBox systemd[1]: proc-sys-fs-binfmt_misc.automount: Got automount request for /proc/sys/fs/binfmt_misc, triggered by 614 (systemd-binfmt)
2025-07-14T08:44:53.463936+03:00 vostinar-VirtualBox systemd[1]: Mounting proc-sys-fs-binfmt_misc.mount - Arbitrary Executable File Formats File System...
2025-07-14T08:44:53.463953+03:00 vostinar-VirtualBox systemd[1]: Finished ufw.service - Uncomplicated firewall.
2025-07-14T08:44:53.463955+03:00 vostinar-VirtualBox systemd[1]: Reached target network-pre.target - Preparation for Network.
2025-07-14T08:44:53.463957+03:00 vostinar-VirtualBox systemd[1]: Finished systemd-tmpfiles-setup.service - Create Volatile Files and Directories.
2025-07-14T08:44:53.463959+03:00 vostinar-VirtualBox systemd[1]: Mounted proc-sys-fs-binfmt_misc.mount - Arbitrary Executable File Formats File System.
2025-07-14T08:44:53.463961+03:00 vostinar-VirtualBox systemd[1]: systemd-firstboot.service - First Boot Wizard was skipped because of an unmet condition check (ConditionFirstBoot=yes).
2025-07-14T08:44:53.463963+03:00 vostinar-VirtualBox systemd[1]: first-boot-complete.target - First Boot Complete was skipped because of an unmet condition check (ConditionFirstBoot=yes).
2025-07-14T08:44:53.463976+03:00 vostinar-VirtualBox systemd[1]: systemd-journal-catalog-update.service - Rebuild Journal Catalog was skipped because of an unmet condition check (ConditionNeedsUpdate=/var).
2025-07-14T08:44:53.463978+03:00 vostinar-VirtualBox systemd[1]: systemd-machine-id-commit.service - Commit a transient machine-id on disk was skipped because of an unmet condition check (ConditionPathIsMountPoint=/etc/machine-id).
2025-07-14T08:44:53.463981+03:00 vostinar-VirtualBox systemd[1]: Starting systemd-resolved.service - Network Name Resolution...
2025-07-14T08:44:53.463984+03:00 vostinar-VirtualBox systemd[1]: systemd-update-done.service - Update is Completed was skipped because no trigger condition checks were met.
2025-07-14T08:44:53.463986+03:00 vostinar-VirtualBox systemd[1]: Starting systemd-update-utmp.service - Record System Boot/Shutdown in UTMP...
2025-07-14T08:44:53.464004+03:00 vostinar-VirtualBox systemd[1]: Finished apparmor.service - Load AppArmor profiles.
2025-07-14T08:44:53.464007+03:00 vostinar-VirtualBox systemd[1]: Finished systemd-binfmt.service - Set Up Additional Binary Formats.
2025-07-14T08:44:53.464009+03:00 vostinar-VirtualBox systemd[1]: vgauth.service - Authentication service for virtual machines hosted on VMware was skipped because of an unmet condition check (ConditionVirtualization=vmware).
2025-07-14T08:44:53.464012+03:00 vostinar-VirtualBox systemd[1]: open-vm-tools.service - Service for virtual machines hosted on VMware was skipped because of an unmet condition check (ConditionVirtualization=vmware).
2025-07-14T08:44:53.464014+03:00 vostinar-VirtualBox systemd[1]: Finished systemd-update-utmp.service - Record System Boot/Shutdown in UTMP.
2025-07-14T08:44:53.464033+03:00 vostinar-VirtualBox systemd-resolved[745]: Positive Trust Anchors:
2025-07-14T08:44:53.464036+03:00 vostinar-VirtualBox systemd-resolved[745]: . IN DS 20326 8 2 e06d44b80b8f1d39a95c0b0d7c65d08458e880409bbc683457104237c7f8ec8d
2025-07-14T08:44:53.464039+03:00 vostinar-VirtualBox systemd-resolved[745]: Negative trust anchors: home.arpa 10.in-addr.arpa 16.172.in-addr.arpa 17.172.in-addr.arpa 18.172.in-addr.arpa 19.172.in-addr.arpa 20.172.in-addr.arpa 21.172.in-addr.arpa 22.172.in-addr.arpa 23.172.in-addr.arpa 24.172.in-addr.arpa 25.172.in-addr.arpa 26.172.in-addr.arpa 27.172.in-addr.arpa 28.172.in-addr.arpa 29.172.in-addr.arpa 30.172.in-addr.arpa 31.172.in-addr.arpa 170.0.0.192.in-addr.arpa 171.0.0.192.in-addr.arpa 168.192.in-addr.arpa d.f.ip6.arpa ipv4only.arpa corp home internal intranet lan local private test
2025-07-14T08:44:53.464042+03:00 vostinar-VirtualBox systemd-resolved[745]: Using system hostname 'vostinar-VirtualBox'.
2025-07-14T08:44:53.464045+03:00 vostinar-VirtualBox systemd[1]: Started systemd-resolved.service - Network Name Resolution.
2025-07-14T08:44:53.464062+03:00 vostinar-VirtualBox systemd[1]: Reached target nss-lookup.target - Host and Network Name Lookups.
2025-07-14T08:44:53.464065+03:00 vostinar-VirtualBox systemd[1]: Received SIGRTMIN+20 from PID 302 (plymouthd).
2025-07-14T08:44:53.464068+03:00 vostinar-VirtualBox systemd[1]: Finished plymouth-read-write.service - Tell Plymouth To Write Out Runtime Data.
2025-07-14T08:44:53.464070+03:00 vostinar-VirtualBox systemd[1]: Reached target sysinit.target - System Initialization.
2025-07-14T08:44:53.464073+03:00 vostinar-VirtualBox systemd[1]: Started cups.path - CUPS Scheduler.
2025-07-14T08:44:53.464075+03:00 vostinar-VirtualBox systemd[1]: tpm-udev.path - Handle dynamically added tpm devices was skipped because of an unmet condition check (ConditionVirtualization=container).
2025-07-14T08:44:53.464092+03:00 vostinar-VirtualBox systemd[1]: Started anacron.timer - Trigger anacron every hour.
2025-07-14T08:44:53.464095+03:00 vostinar-VirtualBox systemd[1]: Started apt-daily.timer - Daily apt download activities.
2025-07-14T08:44:53.464098+03:00 vostinar-VirtualBox systemd[1]: Started apt-daily-upgrade.timer - Daily apt upgrade and clean activities.
2025-07-14T08:44:53.464101+03:00 vostinar-VirtualBox systemd[1]: Started dpkg-db-backup.timer - Daily dpkg database backup timer.
2025-07-14T08:44:53.464103+03:00 vostinar-VirtualBox systemd[1]: Started e2scrub_all.timer - Periodic ext4 Online Metadata Check for All Filesystems.
2025-07-14T08:44:53.464105+03:00 vostinar-VirtualBox systemd[1]: Started fstrim.timer - Discard unused filesystem blocks once a week.
2025-07-14T08:44:53.464122+03:00 vostinar-VirtualBox systemd[1]: Started fwupd-refresh.timer - Refresh fwupd metadata regularly.
2025-07-14T08:44:53.464125+03:00 vostinar-VirtualBox systemd[1]: Started logrotate.timer - Daily rotation of log files.
2025-07-14T08:44:53.464128+03:00 vostinar-VirtualBox systemd[1]: Started man-db.timer - Daily man-db regeneration.
2025-07-14T08:44:53.464131+03:00 vostinar-VirtualBox systemd[1]: Started motd-news.timer - Message of the Day.
2025-07-14T08:44:53.464132+03:00 vostinar-VirtualBox systemd[1]: Started plocate-updatedb.timer - Update the plocate database daily.
2025-07-14T08:44:53.464134+03:00 vostinar-VirtualBox systemd[1]: Started systemd-tmpfiles-clean.timer - Daily Cleanup of Temporary Directories.
2025-07-14T08:44:53.464135+03:00 vostinar-VirtualBox systemd[1]: Reached target paths.target - Path Units.
2025-07-14T08:44:53.464149+03:00 vostinar-VirtualBox systemd[1]: Reached target timers.target - Timer Units.
2025-07-14T08:44:53.464151+03:00 vostinar-VirtualBox systemd[1]: Listening on avahi-daemon.socket - Avahi mDNS/DNS-SD Stack Activation Socket.
2025-07-14T08:44:53.464153+03:00 vostinar-VirtualBox systemd[1]: Listening on cups.socket - CUPS Scheduler.
2025-07-14T08:44:53.464155+03:00 vostinar-VirtualBox systemd[1]: Listening on dbus.socket - D-Bus System Message Bus Socket.
2025-07-14T08:44:53.464157+03:00 vostinar-VirtualBox systemd[1]: Listening on ssh.socket - OpenBSD Secure Shell server socket.
2025-07-14T08:44:53.464158+03:00 vostinar-VirtualBox systemd[1]: Listening on uuidd.socket - UUID daemon activation socket.
2025-07-14T08:44:53.464172+03:00 vostinar-VirtualBox systemd[1]: Reached target sockets.target - Socket Units.
2025-07-14T08:44:53.464175+03:00 vostinar-VirtualBox systemd[1]: systemd-pcrphase-sysinit.service - TPM2 PCR Barrier (Initialization) was skipped because of an unmet condition check (ConditionSecurity=measured-uki).
2025-07-14T08:44:53.464178+03:00 vostinar-VirtualBox systemd[1]: Reached target basic.target - Basic System.
2025-07-14T08:44:53.464180+03:00 vostinar-VirtualBox systemd[1]: Starting accounts-daemon.service - Accounts Service...
2025-07-14T08:44:53.464182+03:00 vostinar-VirtualBox systemd[1]: anacron.service - Run anacron jobs was skipped because of an unmet condition check (ConditionACPower=true).
2025-07-14T08:44:53.464184+03:00 vostinar-VirtualBox systemd[1]: Starting avahi-daemon.service - Avahi mDNS/DNS-SD Stack...
2025-07-14T08:44:53.464202+03:00 vostinar-VirtualBox systemd[1]: Starting blueman-mechanism.service - Bluetooth management mechanism...
2025-07-14T08:44:53.464205+03:00 vostinar-VirtualBox systemd[1]: Started cron.service - Regular background program processing daemon.
2025-07-14T08:44:53.464208+03:00 vostinar-VirtualBox systemd[1]: Starting dbus.service - D-Bus System Message Bus...
2025-07-14T08:44:53.464210+03:00 vostinar-VirtualBox systemd[1]: Started dmesg.service - Save initial kernel messages after boot.
2025-07-14T08:44:53.464212+03:00 vostinar-VirtualBox (cron)[758]: cron.service: Referenced but unset environment variable evaluates to an empty string: EXTRA_OPTS
2025-07-14T08:44:53.464215+03:00 vostinar-VirtualBox systemd[1]: Starting e2scrub_reap.service - Remove Stale Online ext4 Metadata Check Snapshots...
2025-07-14T08:44:53.464228+03:00 vostinar-VirtualBox systemd[1]: getty-static.service - getty on tty2-tty6 if dbus and logind are not available was skipped because of an unmet condition check (ConditionPathExists=!/usr/bin/dbus-daemon).
2025-07-14T08:44:53.464230+03:00 vostinar-VirtualBox systemd[1]: Starting gpu-manager.service - Detect the available GPUs and deal with any system changes...
2025-07-14T08:44:53.464232+03:00 vostinar-VirtualBox cron[758]: (CRON) INFO (pidfile fd = 3)
2025-07-14T08:44:53.464234+03:00 vostinar-VirtualBox systemd[1]: Starting grub-common.service - Record successful boot for GRUB...
2025-07-14T08:44:53.464236+03:00 vostinar-VirtualBox cron[758]: (CRON) INFO (Running @reboot jobs)
2025-07-14T08:44:53.464249+03:00 vostinar-VirtualBox systemd[1]: Started irqbalance.service - irqbalance daemon.
2025-07-14T08:44:53.464251+03:00 vostinar-VirtualBox systemd[1]: Starting lm-sensors.service - Initialize hardware monitoring sensors...
2025-07-14T08:44:53.464253+03:00 vostinar-VirtualBox systemd[1]: Started mintsystem.service.
2025-07-14T08:44:53.464255+03:00 vostinar-VirtualBox (qbalance)[764]: irqbalance.service: Referenced but unset environment variable evaluates to an empty string: IRQBALANCE_ARGS
2025-07-14T08:44:53.464257+03:00 vostinar-VirtualBox systemd[1]: networkd-dispatcher.service - Dispatcher daemon for systemd-networkd was skipped because no trigger condition checks were met.
2025-07-14T08:44:53.464258+03:00 vostinar-VirtualBox systemd[1]: Starting polkit.service - Authorization Manager...
2025-07-14T08:44:53.464271+03:00 vostinar-VirtualBox systemd[1]: Starting power-profiles-daemon.service - Power Profiles daemon...
2025-07-14T08:44:53.464274+03:00 vostinar-VirtualBox systemd[1]: Starting rsyslog.service - System Logging Service...
2025-07-14T08:44:53.464276+03:00 vostinar-VirtualBox systemd[1]: secureboot-db.service - Secure Boot updates for DB and DBX was skipped because of an unmet condition check (ConditionPathExists=/sys/firmware/efi/efivars/db-d719b2cb-3d3a-4596-a3bc-dad00e67656f).
2025-07-14T08:44:53.464278+03:00 vostinar-VirtualBox systemd[1]: ssl-cert.service - Generate snakeoil SSL keypair was skipped because of an unmet condition check (ConditionPathExists=!/etc/ssl/private/ssl-cert-snakeoil.key).
2025-07-14T08:44:53.464280+03:00 vostinar-VirtualBox systemd[1]: Starting switcheroo-control.service - Switcheroo Control Proxy service...
2025-07-14T08:44:53.464296+03:00 vostinar-VirtualBox systemd[1]: Starting systemd-logind.service - User Login Management...
2025-07-14T08:44:53.464299+03:00 vostinar-VirtualBox systemd[1]: systemd-pcrphase.service - TPM2 PCR Barrier (User) was skipped because of an unmet condition check (ConditionSecurity=measured-uki).
2025-07-14T08:44:53.464301+03:00 vostinar-VirtualBox systemd[1]: thermald.service - Thermal Daemon Service was skipped because of an unmet condition check (ConditionVirtualization=no).
2025-07-14T08:44:53.464303+03:00 vostinar-VirtualBox dbus-daemon[759]: dbus[759]: Unknown group "power" in message bus configuration file
2025-07-14T08:44:53.464306+03:00 vostinar-VirtualBox systemd[1]: Started touchegg.service - Touchégg Daemon.
2025-07-14T08:44:53.464308+03:00 vostinar-VirtualBox systemd[1]: Starting ubuntu-system-adjustments.service - Ubuntu system adjustments...
2025-07-14T08:44:53.464321+03:00 vostinar-VirtualBox systemd[1]: Starting udisks2.service - Disk Manager...
2025-07-14T08:44:53.464323+03:00 vostinar-VirtualBox systemd[1]: Starting vboxadd.service...
2025-07-14T08:44:53.464325+03:00 vostinar-VirtualBox dbus-daemon[759]: dbus[759]: Unknown username "whoopsie" in message bus configuration file
2025-07-14T08:44:53.464327+03:00 vostinar-VirtualBox sensors[796]: BAT0-acpi-0
2025-07-14T08:44:53.464329+03:00 vostinar-VirtualBox sensors[796]: Adapter: ACPI interface
2025-07-14T08:44:53.464330+03:00 vostinar-VirtualBox sensors[796]: in0:          10.00 V
2025-07-14T08:44:53.464343+03:00 vostinar-VirtualBox systemd[1]: Finished lm-sensors.service - Initialize hardware monitoring sensors.
2025-07-14T08:44:53.464346+03:00 vostinar-VirtualBox udisksd[792]: udisks daemon version 2.10.1 starting
2025-07-14T08:44:53.464348+03:00 vostinar-VirtualBox systemd[1]: Starting dpkg-db-backup.service - Daily dpkg database backup service...
2025-07-14T08:44:53.464350+03:00 vostinar-VirtualBox systemd[1]: logrotate.service - Rotate log files was skipped because of an unmet condition check (ConditionACPower=true).
2025-07-14T08:44:53.464352+03:00 vostinar-VirtualBox avahi-daemon[756]: Found user 'avahi' (UID 110) and group 'avahi' (GID 112).
2025-07-14T08:44:53.464354+03:00 vostinar-VirtualBox systemd[1]: grub-common.service: Deactivated successfully.
2025-07-14T08:44:53.464366+03:00 vostinar-VirtualBox systemd[1]: Finished grub-common.service - Record successful boot for GRUB.
2025-07-14T08:44:53.464368+03:00 vostinar-VirtualBox avahi-daemon[756]: Successfully dropped root privileges.
2025-07-14T08:44:53.464370+03:00 vostinar-VirtualBox avahi-daemon[756]: avahi-daemon 0.8 starting up.
2025-07-14T08:44:53.464372+03:00 vostinar-VirtualBox systemd[1]: Starting grub-initrd-fallback.service - GRUB failed boot detection...
2025-07-14T08:44:53.455765+03:00 vostinar-VirtualBox systemd[1]: grub-initrd-fallback.service: Deactivated successfully.
2025-07-14T08:44:53.455816+03:00 vostinar-VirtualBox systemd[1]: Finished grub-initrd-fallback.service - GRUB failed boot detection.
2025-07-14T08:44:53.450179+03:00 vostinar-VirtualBox kernel: Linux version 6.8.0-51-generic (buildd@lcy02-amd64-091) (x86_64-linux-gnu-gcc-13 (Ubuntu 13.3.0-6ubuntu2~24.04) 13.3.0, GNU ld (GNU Binutils for Ubuntu) 2.42) #52-Ubuntu SMP PREEMPT_DYNAMIC Thu Dec  5 13:09:44 UTC 2024 (Ubuntu 6.8.0-51.52-generic 6.8.12)
2025-07-14T08:44:53.467879+03:00 vostinar-VirtualBox rsyslogd: imuxsock: Acquired UNIX socket '/run/systemd/journal/syslog' (fd 3) from systemd.  [v8.2312.0]
2025-07-14T08:44:53.468031+03:00 vostinar-VirtualBox systemd[1]: Started rsyslog.service - System Logging Service.
2025-07-14T08:44:53.471306+03:00 vostinar-VirtualBox kernel: Command line: BOOT_IMAGE=/boot/vmlinuz-6.8.0-51-generic root=UUID=41d3877c-a416-4c1d-ad1c-19aeee1ad429 ro quiet splash
2025-07-14T08:44:53.471311+03:00 vostinar-VirtualBox kernel: KERNEL supported cpus:
2025-07-14T08:44:53.471312+03:00 vostinar-VirtualBox kernel:   Intel GenuineIntel
2025-07-14T08:44:53.471312+03:00 vostinar-VirtualBox kernel:   AMD AuthenticAMD
2025-07-14T08:44:53.471313+03:00 vostinar-VirtualBox kernel:   Hygon HygonGenuine
2025-07-14T08:44:53.471313+03:00 vostinar-VirtualBox kernel:   Centaur CentaurHauls
2025-07-14T08:44:53.471352+03:00 vostinar-VirtualBox kernel:   zhaoxin   Shanghai  
2025-07-14T08:44:53.471356+03:00 vostinar-VirtualBox kernel: BIOS-provided physical RAM map:
2025-07-14T08:44:53.471357+03:00 vostinar-VirtualBox kernel: BIOS-e820: [mem 0x0000000000000000-0x000000000009fbff] usable
2025-07-14T08:44:53.471358+03:00 vostinar-VirtualBox kernel: BIOS-e820: [mem 0x000000000009fc00-0x000000000009ffff] reserved
2025-07-14T08:44:53.471358+03:00 vostinar-VirtualBox kernel: BIOS-e820: [mem 0x00000000000f0000-0x00000000000fffff] reserved
2025-07-14T08:44:53.471359+03:00 vostinar-VirtualBox kernel: BIOS-e820: [mem 0x0000000000100000-0x00000000dffeffff] usable
2025-07-14T08:44:53.471394+03:00 vostinar-VirtualBox kernel: BIOS-e820: [mem 0x00000000dfff0000-0x00000000dfffffff] ACPI data
2025-07-14T08:44:53.471398+03:00 vostinar-VirtualBox kernel: BIOS-e820: [mem 0x00000000fec00000-0x00000000fec00fff] reserved
2025-07-14T08:44:53.471399+03:00 vostinar-VirtualBox kernel: BIOS-e820: [mem 0x00000000fee00000-0x00000000fee00fff] reserved
2025-07-14T08:44:53.471400+03:00 vostinar-VirtualBox kernel: BIOS-e820: [mem 0x00000000fffc0000-0x00000000ffffffff] reserved
2025-07-14T08:44:53.471400+03:00 vostinar-VirtualBox kernel: BIOS-e820: [mem 0x0000000100000000-0x000000011fffffff] usable
2025-07-14T08:44:53.471401+03:00 vostinar-VirtualBox kernel: NX (Execute Disable) protection: active
2025-07-14T08:44:53.471401+03:00 vostinar-VirtualBox kernel: APIC: Static calls initialized
2025-07-14T08:44:53.471438+03:00 vostinar-VirtualBox kernel: SMBIOS 2.5 present.
2025-07-14T08:44:53.471442+03:00 vostinar-VirtualBox kernel: DMI: innotek GmbH VirtualBox/VirtualBox, BIOS VirtualBox 12/01/2006
2025-07-14T08:44:53.471443+03:00 vostinar-VirtualBox kernel: Hypervisor detected: KVM
2025-07-14T08:44:53.471444+03:00 vostinar-VirtualBox kernel: kvm-clock: Using msrs 4b564d01 and 4b564d00
2025-07-14T08:44:53.471444+03:00 vostinar-VirtualBox kernel: kvm-clock: using sched offset of 14014860392 cycles
2025-07-14T08:44:53.471445+03:00 vostinar-VirtualBox kernel: clocksource: kvm-clock: mask: 0xffffffffffffffff max_cycles: 0x1cd42e4dffb, max_idle_ns: 881590591483 ns
2025-07-14T08:44:53.471486+03:00 vostinar-VirtualBox kernel: tsc: Detected 2611.200 MHz processor
2025-07-14T08:44:53.471490+03:00 vostinar-VirtualBox kernel: e820: update [mem 0x00000000-0x00000fff] usable ==> reserved
2025-07-14T08:44:53.471491+03:00 vostinar-VirtualBox kernel: e820: remove [mem 0x000a0000-0x000fffff] usable
2025-07-14T08:44:53.471491+03:00 vostinar-VirtualBox kernel: last_pfn = 0x120000 max_arch_pfn = 0x400000000
2025-07-14T08:44:53.471492+03:00 vostinar-VirtualBox kernel: MTRR map: 3 entries (3 fixed + 0 variable; max 19), built from 8 variable MTRRs
2025-07-14T08:44:53.471493+03:00 vostinar-VirtualBox kernel: x86/PAT: Configuration [0-7]: WB  WC  UC- UC  WB  WP  UC- WT  
2025-07-14T08:44:53.471531+03:00 vostinar-VirtualBox kernel: CPU MTRRs all blank - virtualized system.
2025-07-14T08:44:53.471535+03:00 vostinar-VirtualBox kernel: last_pfn = 0xdfff0 max_arch_pfn = 0x400000000
2025-07-14T08:44:53.471536+03:00 vostinar-VirtualBox kernel: found SMP MP-table at [mem 0x0009fbf0-0x0009fbff]
2025-07-14T08:44:53.471536+03:00 vostinar-VirtualBox kernel: RAMDISK: [mem 0x2f2d5000-0x33961fff]
2025-07-14T08:44:53.471537+03:00 vostinar-VirtualBox kernel: ACPI: Early table checksum verification disabled
2025-07-14T08:44:53.471538+03:00 vostinar-VirtualBox kernel: ACPI: RSDP 0x00000000000E0000 000024 (v02 VBOX  )
2025-07-14T08:44:53.471538+03:00 vostinar-VirtualBox kernel: ACPI: XSDT 0x00000000DFFF0030 00003C (v01 VBOX   VBOXXSDT 00000001 ASL  00000061)
2025-07-14T08:44:53.471575+03:00 vostinar-VirtualBox kernel: ACPI: FACP 0x00000000DFFF00F0 0000F4 (v04 VBOX   VBOXFACP 00000001 ASL  00000061)
2025-07-14T08:44:53.471579+03:00 vostinar-VirtualBox kernel: ACPI: DSDT 0x00000000DFFF0650 002353 (v02 VBOX   VBOXBIOS 00000002 INTL 20100528)
2025-07-14T08:44:53.471580+03:00 vostinar-VirtualBox kernel: ACPI: FACS 0x00000000DFFF0200 000040
2025-07-14T08:44:53.471581+03:00 vostinar-VirtualBox kernel: ACPI: FACS 0x00000000DFFF0200 000040
2025-07-14T08:44:53.471583+03:00 vostinar-VirtualBox kernel: ACPI: APIC 0x00000000DFFF0240 00009C (v02 VBOX   VBOXAPIC 00000001 ASL  00000061)
2025-07-14T08:44:53.471584+03:00 vostinar-VirtualBox kernel: ACPI: SSDT 0x00000000DFFF02E0 00036C (v01 VBOX   VBOXCPUT 00000002 INTL 20100528)
2025-07-14T08:44:53.471622+03:00 vostinar-VirtualBox kernel: ACPI: Reserving FACP table memory at [mem 0xdfff00f0-0xdfff01e3]
2025-07-14T08:44:53.471626+03:00 vostinar-VirtualBox kernel: ACPI: Reserving DSDT table memory at [mem 0xdfff0650-0xdfff29a2]
2025-07-14T08:44:53.471627+03:00 vostinar-VirtualBox kernel: ACPI: Reserving FACS table memory at [mem 0xdfff0200-0xdfff023f]
2025-07-14T08:44:53.471628+03:00 vostinar-VirtualBox kernel: ACPI: Reserving FACS table memory at [mem 0xdfff0200-0xdfff023f]
2025-07-14T08:44:53.471629+03:00 vostinar-VirtualBox kernel: ACPI: Reserving APIC table memory at [mem 0xdfff0240-0xdfff02db]
2025-07-14T08:44:53.471630+03:00 vostinar-VirtualBox kernel: ACPI: Reserving SSDT table memory at [mem 0xdfff02e0-0xdfff064b]
2025-07-14T08:44:53.471670+03:00 vostinar-VirtualBox kernel: No NUMA configuration found
2025-07-14T08:44:53.471674+03:00 vostinar-VirtualBox kernel: Faking a node at [mem 0x0000000000000000-0x000000011fffffff]
2025-07-14T08:44:53.471675+03:00 vostinar-VirtualBox kernel: NODE_DATA(0) allocated [mem 0x11ffd1000-0x11fffbfff]
2025-07-14T08:44:53.471676+03:00 vostinar-VirtualBox kernel: Zone ranges:
2025-07-14T08:44:53.471676+03:00 vostinar-VirtualBox kernel:   DMA      [mem 0x0000000000001000-0x0000000000ffffff]
2025-07-14T08:44:53.471677+03:00 vostinar-VirtualBox kernel:   DMA32    [mem 0x0000000001000000-0x00000000ffffffff]
2025-07-14T08:44:53.471677+03:00 vostinar-VirtualBox kernel:   Normal   [mem 0x0000000100000000-0x000000011fffffff]
2025-07-14T08:44:53.471715+03:00 vostinar-VirtualBox kernel:   Device   empty
2025-07-14T08:44:53.471719+03:00 vostinar-VirtualBox kernel: Movable zone start for each node
2025-07-14T08:44:53.471720+03:00 vostinar-VirtualBox kernel: Early memory node ranges
2025-07-14T08:44:53.471721+03:00 vostinar-VirtualBox kernel:   node   0: [mem 0x0000000000001000-0x000000000009efff]
2025-07-14T08:44:53.471721+03:00 vostinar-VirtualBox kernel:   node   0: [mem 0x0000000000100000-0x00000000dffeffff]
2025-07-14T08:44:53.471722+03:00 vostinar-VirtualBox kernel:   node   0: [mem 0x0000000100000000-0x000000011fffffff]
2025-07-14T08:44:53.471760+03:00 vostinar-VirtualBox kernel: Initmem setup node 0 [mem 0x0000000000001000-0x000000011fffffff]
2025-07-14T08:44:53.471763+03:00 vostinar-VirtualBox kernel: On node 0, zone DMA: 1 pages in unavailable ranges
2025-07-14T08:44:53.471764+03:00 vostinar-VirtualBox kernel: On node 0, zone DMA: 97 pages in unavailable ranges
2025-07-14T08:44:53.471765+03:00 vostinar-VirtualBox kernel: On node 0, zone Normal: 16 pages in unavailable ranges
2025-07-14T08:44:53.471766+03:00 vostinar-VirtualBox kernel: ACPI: PM-Timer IO Port: 0x4008
2025-07-14T08:44:53.471766+03:00 vostinar-VirtualBox kernel: IOAPIC[0]: apic_id 10, version 32, address 0xfec00000, GSI 0-23
2025-07-14T08:44:53.471805+03:00 vostinar-VirtualBox kernel: ACPI: INT_SRC_OVR (bus 0 bus_irq 0 global_irq 2 dfl dfl)
2025-07-14T08:44:53.471809+03:00 vostinar-VirtualBox kernel: ACPI: INT_SRC_OVR (bus 0 bus_irq 9 global_irq 9 low level)
2025-07-14T08:44:53.471810+03:00 vostinar-VirtualBox kernel: ACPI: Using ACPI (MADT) for SMP configuration information
2025-07-14T08:44:53.471811+03:00 vostinar-VirtualBox kernel: smpboot: Allowing 10 CPUs, 0 hotplug CPUs
2025-07-14T08:44:53.471811+03:00 vostinar-VirtualBox kernel: PM: hibernation: Registered nosave memory: [mem 0x00000000-0x00000fff]
2025-07-14T08:44:53.471812+03:00 vostinar-VirtualBox kernel: PM: hibernation: Registered nosave memory: [mem 0x0009f000-0x0009ffff]
2025-07-14T08:44:53.471813+03:00 vostinar-VirtualBox kernel: PM: hibernation: Registered nosave memory: [mem 0x000a0000-0x000effff]
2025-07-14T08:44:53.471850+03:00 vostinar-VirtualBox kernel: PM: hibernation: Registered nosave memory: [mem 0x000f0000-0x000fffff]
2025-07-14T08:44:53.471854+03:00 vostinar-VirtualBox kernel: PM: hibernation: Registered nosave memory: [mem 0xdfff0000-0xdfffffff]
2025-07-14T08:44:53.471855+03:00 vostinar-VirtualBox kernel: PM: hibernation: Registered nosave memory: [mem 0xe0000000-0xfebfffff]
2025-07-14T08:44:53.471856+03:00 vostinar-VirtualBox kernel: PM: hibernation: Registered nosave memory: [mem 0xfec00000-0xfec00fff]
2025-07-14T08:44:53.471857+03:00 vostinar-VirtualBox kernel: PM: hibernation: Registered nosave memory: [mem 0xfec01000-0xfedfffff]
2025-07-14T08:44:53.471857+03:00 vostinar-VirtualBox kernel: PM: hibernation: Registered nosave memory: [mem 0xfee00000-0xfee00fff]
2025-07-14T08:44:53.471895+03:00 vostinar-VirtualBox kernel: PM: hibernation: Registered nosave memory: [mem 0xfee01000-0xfffbffff]
2025-07-14T08:44:53.471899+03:00 vostinar-VirtualBox kernel: PM: hibernation: Registered nosave memory: [mem 0xfffc0000-0xffffffff]
2025-07-14T08:44:53.471901+03:00 vostinar-VirtualBox kernel: [mem 0xe0000000-0xfebfffff] available for PCI devices
2025-07-14T08:44:53.471901+03:00 vostinar-VirtualBox kernel: Booting paravirtualized kernel on KVM
2025-07-14T08:44:53.471902+03:00 vostinar-VirtualBox kernel: clocksource: refined-jiffies: mask: 0xffffffff max_cycles: 0xffffffff, max_idle_ns: 1910969940391419 ns
2025-07-14T08:44:53.471903+03:00 vostinar-VirtualBox kernel: setup_percpu: NR_CPUS:8192 nr_cpumask_bits:10 nr_cpu_ids:10 nr_node_ids:1
2025-07-14T08:44:53.471940+03:00 vostinar-VirtualBox kernel: percpu: Embedded 86 pages/cpu s229376 r8192 d114688 u524288
2025-07-14T08:44:53.471944+03:00 vostinar-VirtualBox kernel: pcpu-alloc: s229376 r8192 d114688 u524288 alloc=1*2097152
2025-07-14T08:44:53.471945+03:00 vostinar-VirtualBox kernel: pcpu-alloc: [0] 00 01 02 03 [0] 04 05 06 07 
2025-07-14T08:44:53.471946+03:00 vostinar-VirtualBox kernel: pcpu-alloc: [0] 08 09 -- -- 
2025-07-14T08:44:53.471946+03:00 vostinar-VirtualBox kernel: kvm-guest: PV spinlocks enabled
2025-07-14T08:44:53.471947+03:00 vostinar-VirtualBox kernel: PV qspinlock hash table entries: 256 (order: 0, 4096 bytes, linear)
2025-07-14T08:44:53.471947+03:00 vostinar-VirtualBox kernel: Kernel command line: BOOT_IMAGE=/boot/vmlinuz-6.8.0-51-generic root=UUID=41d3877c-a416-4c1d-ad1c-19aeee1ad429 ro quiet splash
2025-07-14T08:44:53.471986+03:00 vostinar-VirtualBox kernel: Unknown kernel command line parameters "splash BOOT_IMAGE=/boot/vmlinuz-6.8.0-51-generic", will be passed to user space.
2025-07-14T08:44:53.471990+03:00 vostinar-VirtualBox kernel: random: crng init done
2025-07-14T08:44:53.471991+03:00 vostinar-VirtualBox kernel: Dentry cache hash table entries: 524288 (order: 10, 4194304 bytes, linear)
2025-07-14T08:44:53.471991+03:00 vostinar-VirtualBox kernel: Inode-cache hash table entries: 262144 (order: 9, 2097152 bytes, linear)
2025-07-14T08:44:53.471992+03:00 vostinar-VirtualBox kernel: Fallback order for Node 0: 0 
2025-07-14T08:44:53.471993+03:00 vostinar-VirtualBox kernel: Built 1 zonelists, mobility grouping on.  Total pages: 1031920
2025-07-14T08:44:53.473382+03:00 vostinar-VirtualBox kernel: Policy zone: Normal
2025-07-14T08:44:53.473387+03:00 vostinar-VirtualBox kernel: mem auto-init: stack:all(zero), heap alloc:on, heap free:off
2025-07-14T08:44:53.473388+03:00 vostinar-VirtualBox kernel: software IO TLB: area num 16.
2025-07-14T08:44:53.473388+03:00 vostinar-VirtualBox kernel: Memory: 3927684K/4193848K available (22528K kernel code, 4442K rwdata, 14332K rodata, 4976K init, 4732K bss, 265904K reserved, 0K cma-reserved)
2025-07-14T08:44:53.473421+03:00 vostinar-VirtualBox kernel: SLUB: HWalign=64, Order=0-3, MinObjects=0, CPUs=10, Nodes=1
2025-07-14T08:44:53.473421+03:00 vostinar-VirtualBox kernel: ftrace: allocating 57955 entries in 227 pages
2025-07-14T08:44:53.473446+03:00 vostinar-VirtualBox kernel: ftrace: allocated 227 pages with 5 groups
2025-07-14T08:44:53.473447+03:00 vostinar-VirtualBox kernel: Dynamic Preempt: voluntary
2025-07-14T08:44:53.473447+03:00 vostinar-VirtualBox kernel: rcu: Preemptible hierarchical RCU implementation.
2025-07-14T08:44:53.473448+03:00 vostinar-VirtualBox kernel: rcu: 	RCU restricting CPUs from NR_CPUS=8192 to nr_cpu_ids=10.
2025-07-14T08:44:53.473448+03:00 vostinar-VirtualBox kernel: 	Trampoline variant of Tasks RCU enabled.
2025-07-14T08:44:53.473448+03:00 vostinar-VirtualBox kernel: 	Rude variant of Tasks RCU enabled.
2025-07-14T08:44:53.473460+03:00 vostinar-VirtualBox kernel: 	Tracing variant of Tasks RCU enabled.
2025-07-14T08:44:53.473461+03:00 vostinar-VirtualBox kernel: rcu: RCU calculated value of scheduler-enlistment delay is 100 jiffies.
2025-07-14T08:44:53.473462+03:00 vostinar-VirtualBox kernel: rcu: Adjusting geometry for rcu_fanout_leaf=16, nr_cpu_ids=10
2025-07-14T08:44:53.473462+03:00 vostinar-VirtualBox kernel: NR_IRQS: 524544, nr_irqs: 504, preallocated irqs: 16
2025-07-14T08:44:53.473463+03:00 vostinar-VirtualBox kernel: rcu: srcu_init: Setting srcu_struct sizes based on contention.
2025-07-14T08:44:53.473463+03:00 vostinar-VirtualBox kernel: Console: colour VGA+ 80x25
2025-07-14T08:44:53.473463+03:00 vostinar-VirtualBox kernel: printk: legacy console [tty0] enabled
2025-07-14T08:44:53.473474+03:00 vostinar-VirtualBox kernel: ACPI: Core revision 20230628
2025-07-14T08:44:53.473475+03:00 vostinar-VirtualBox kernel: APIC: Switch to symmetric I/O mode setup
2025-07-14T08:44:53.473476+03:00 vostinar-VirtualBox kernel: APIC: Switched APIC routing to: physical flat
2025-07-14T08:44:53.473476+03:00 vostinar-VirtualBox kernel: ..TIMER: vector=0x30 apic1=0 pin1=2 apic2=-1 pin2=-1
2025-07-14T08:44:53.473477+03:00 vostinar-VirtualBox kernel: clocksource: tsc-early: mask: 0xffffffffffffffff max_cycles: 0x25a39079a08, max_idle_ns: 440795310461 ns
2025-07-14T08:44:53.473477+03:00 vostinar-VirtualBox kernel: Calibrating delay loop (skipped) preset value.. 5222.40 BogoMIPS (lpj=2611200)
2025-07-14T08:44:53.473488+03:00 vostinar-VirtualBox kernel: Last level iTLB entries: 4KB 0, 2MB 0, 4MB 0
2025-07-14T08:44:53.473489+03:00 vostinar-VirtualBox kernel: Last level dTLB entries: 4KB 0, 2MB 0, 4MB 0, 1GB 0
2025-07-14T08:44:53.473490+03:00 vostinar-VirtualBox kernel: Spectre V1 : Mitigation: usercopy/swapgs barriers and __user pointer sanitization
2025-07-14T08:44:53.473490+03:00 vostinar-VirtualBox kernel: Spectre V2 : Spectre BHI mitigation: SW BHB clearing on vm exit
2025-07-14T08:44:53.473491+03:00 vostinar-VirtualBox kernel: Spectre V2 : Spectre BHI mitigation: SW BHB clearing on syscall
2025-07-14T08:44:53.473491+03:00 vostinar-VirtualBox kernel: Spectre V2 : Mitigation: Enhanced / Automatic IBRS
2025-07-14T08:44:53.473503+03:00 vostinar-VirtualBox kernel: Spectre V2 : Spectre v2 / SpectreRSB mitigation: Filling RSB on context switch
2025-07-14T08:44:53.473504+03:00 vostinar-VirtualBox kernel: Spectre V2 : Spectre v2 / PBRSB-eIBRS: Retire a single CALL on VMEXIT
2025-07-14T08:44:53.473505+03:00 vostinar-VirtualBox kernel: RETBleed: Mitigation: Enhanced IBRS
2025-07-14T08:44:53.473505+03:00 vostinar-VirtualBox kernel: Speculative Store Bypass: Vulnerable
2025-07-14T08:44:53.473506+03:00 vostinar-VirtualBox kernel: Register File Data Sampling: Vulnerable: No microcode
2025-07-14T08:44:53.473506+03:00 vostinar-VirtualBox kernel: x86/fpu: x87 FPU will use FXSAVE
2025-07-14T08:44:53.473506+03:00 vostinar-VirtualBox kernel: Freeing SMP alternatives memory: 48K
2025-07-14T08:44:53.473517+03:00 vostinar-VirtualBox kernel: pid_max: default: 32768 minimum: 301
2025-07-14T08:44:53.473518+03:00 vostinar-VirtualBox kernel: LSM: initializing lsm=lockdown,capability,landlock,yama,apparmor,integrity
2025-07-14T08:44:53.473519+03:00 vostinar-VirtualBox kernel: landlock: Up and running.
2025-07-14T08:44:53.473520+03:00 vostinar-VirtualBox kernel: Yama: becoming mindful.
2025-07-14T08:44:53.473520+03:00 vostinar-VirtualBox kernel: AppArmor: AppArmor initialized
2025-07-14T08:44:53.473520+03:00 vostinar-VirtualBox kernel: Mount-cache hash table entries: 8192 (order: 4, 65536 bytes, linear)
2025-07-14T08:44:53.473532+03:00 vostinar-VirtualBox kernel: Mountpoint-cache hash table entries: 8192 (order: 4, 65536 bytes, linear)
2025-07-14T08:44:53.473533+03:00 vostinar-VirtualBox kernel: APIC calibration not consistent with PM-Timer: 119ms instead of 100ms
2025-07-14T08:44:53.473534+03:00 vostinar-VirtualBox kernel: APIC delta adjusted to PM-Timer: 6348088 (7588891)
2025-07-14T08:44:53.473535+03:00 vostinar-VirtualBox kernel: smpboot: CPU0: 12th Gen Intel(R) Core(TM) i7-1255U (family: 0x6, model: 0x9a, stepping: 0x4)
2025-07-14T08:44:53.473535+03:00 vostinar-VirtualBox kernel: RCU Tasks: Setting shift to 4 and lim to 1 rcu_task_cb_adjust=1.
2025-07-14T08:44:53.473535+03:00 vostinar-VirtualBox kernel: RCU Tasks Rude: Setting shift to 4 and lim to 1 rcu_task_cb_adjust=1.
2025-07-14T08:44:53.473536+03:00 vostinar-VirtualBox kernel: RCU Tasks Trace: Setting shift to 4 and lim to 1 rcu_task_cb_adjust=1.
2025-07-14T08:44:53.473549+03:00 vostinar-VirtualBox kernel: Performance Events: unsupported p6 CPU model 154 no PMU driver, software events only.
2025-07-14T08:44:53.473550+03:00 vostinar-VirtualBox kernel: signal: max sigframe size: 1440
2025-07-14T08:44:53.473551+03:00 vostinar-VirtualBox kernel: rcu: Hierarchical SRCU implementation.
2025-07-14T08:44:53.473552+03:00 vostinar-VirtualBox kernel: rcu: 	Max phase no-delay instances is 400.
2025-07-14T08:44:53.473553+03:00 vostinar-VirtualBox kernel: NMI watchdog: Perf NMI watchdog permanently disabled
2025-07-14T08:44:53.473553+03:00 vostinar-VirtualBox kernel: smp: Bringing up secondary CPUs ...
2025-07-14T08:44:53.473566+03:00 vostinar-VirtualBox kernel: smpboot: x86: Booting SMP configuration:
2025-07-14T08:44:53.473567+03:00 vostinar-VirtualBox kernel: .... node  #0, CPUs:        #1  #2  #3  #4  #5  #6  #7  #8  #9
2025-07-14T08:44:53.473568+03:00 vostinar-VirtualBox kernel: TSC synchronization [CPU#0 -> CPU#1]:
2025-07-14T08:44:53.473568+03:00 vostinar-VirtualBox kernel: Measured 131624 cycles TSC warp between CPUs, turning off TSC clock.
2025-07-14T08:44:53.473569+03:00 vostinar-VirtualBox kernel: tsc: Marking TSC unstable due to check_tsc_sync_source failed
2025-07-14T08:44:53.473569+03:00 vostinar-VirtualBox kernel: smp: Brought up 1 node, 10 CPUs
2025-07-14T08:44:53.473589+03:00 vostinar-VirtualBox kernel: smpboot: Max logical packages: 1
2025-07-14T08:44:53.473590+03:00 vostinar-VirtualBox kernel: smpboot: Total of 10 processors activated (52224.00 BogoMIPS)
2025-07-14T08:44:53.473591+03:00 vostinar-VirtualBox kernel: devtmpfs: initialized
2025-07-14T08:44:53.473592+03:00 vostinar-VirtualBox kernel: x86/mm: Memory block size: 128MB
2025-07-14T08:44:53.473593+03:00 vostinar-VirtualBox kernel: clocksource: jiffies: mask: 0xffffffff max_cycles: 0xffffffff, max_idle_ns: 1911260446275000 ns
2025-07-14T08:44:53.473594+03:00 vostinar-VirtualBox kernel: futex hash table entries: 4096 (order: 6, 262144 bytes, linear)
2025-07-14T08:44:53.473594+03:00 vostinar-VirtualBox kernel: pinctrl core: initialized pinctrl subsystem
2025-07-14T08:44:53.473608+03:00 vostinar-VirtualBox kernel: PM: RTC time: 05:44:35, date: 2025-07-14
2025-07-14T08:44:53.473609+03:00 vostinar-VirtualBox kernel: NET: Registered PF_NETLINK/PF_ROUTE protocol family
2025-07-14T08:44:53.473610+03:00 vostinar-VirtualBox kernel: DMA: preallocated 512 KiB GFP_KERNEL pool for atomic allocations
2025-07-14T08:44:53.473611+03:00 vostinar-VirtualBox kernel: DMA: preallocated 512 KiB GFP_KERNEL|GFP_DMA pool for atomic allocations
2025-07-14T08:44:53.473612+03:00 vostinar-VirtualBox kernel: DMA: preallocated 512 KiB GFP_KERNEL|GFP_DMA32 pool for atomic allocations
2025-07-14T08:44:53.473612+03:00 vostinar-VirtualBox kernel: audit: initializing netlink subsys (disabled)
2025-07-14T08:44:53.473630+03:00 vostinar-VirtualBox kernel: audit: type=2000 audit(1752471892.051:1): state=initialized audit_enabled=0 res=1
2025-07-14T08:44:53.473631+03:00 vostinar-VirtualBox kernel: thermal_sys: Registered thermal governor 'fair_share'
2025-07-14T08:44:53.473632+03:00 vostinar-VirtualBox kernel: thermal_sys: Registered thermal governor 'bang_bang'
2025-07-14T08:44:53.473632+03:00 vostinar-VirtualBox kernel: thermal_sys: Registered thermal governor 'step_wise'
2025-07-14T08:44:53.473633+03:00 vostinar-VirtualBox kernel: thermal_sys: Registered thermal governor 'user_space'
2025-07-14T08:44:53.473633+03:00 vostinar-VirtualBox kernel: thermal_sys: Registered thermal governor 'power_allocator'
2025-07-14T08:44:53.473634+03:00 vostinar-VirtualBox kernel: EISA bus registered
2025-07-14T08:44:53.473644+03:00 vostinar-VirtualBox kernel: cpuidle: using governor ladder
2025-07-14T08:44:53.473645+03:00 vostinar-VirtualBox kernel: cpuidle: using governor menu
2025-07-14T08:44:53.473646+03:00 vostinar-VirtualBox kernel: acpiphp: ACPI Hot Plug PCI Controller Driver version: 0.5
2025-07-14T08:44:53.473647+03:00 vostinar-VirtualBox kernel: PCI: Using configuration type 1 for base access
2025-07-14T08:44:53.473648+03:00 vostinar-VirtualBox kernel: mtrr: your CPUs had inconsistent variable MTRR settings
2025-07-14T08:44:53.473649+03:00 vostinar-VirtualBox kernel: mtrr: probably your BIOS does not setup all CPUs.
2025-07-14T08:44:53.473662+03:00 vostinar-VirtualBox kernel: mtrr: corrected configuration.
2025-07-14T08:44:53.473663+03:00 vostinar-VirtualBox kernel: kprobes: kprobe jump-optimization is enabled. All kprobes are optimized if possible.
2025-07-14T08:44:53.473663+03:00 vostinar-VirtualBox kernel: HugeTLB: registered 2.00 MiB page size, pre-allocated 0 pages
2025-07-14T08:44:53.473664+03:00 vostinar-VirtualBox kernel: HugeTLB: 28 KiB vmemmap can be freed for a 2.00 MiB page
2025-07-14T08:44:53.473664+03:00 vostinar-VirtualBox kernel: ACPI: Added _OSI(Module Device)
2025-07-14T08:44:53.473665+03:00 vostinar-VirtualBox kernel: ACPI: Added _OSI(Processor Device)
2025-07-14T08:44:53.473675+03:00 vostinar-VirtualBox kernel: ACPI: Added _OSI(3.0 _SCP Extensions)
2025-07-14T08:44:53.473676+03:00 vostinar-VirtualBox kernel: ACPI: Added _OSI(Processor Aggregator Device)
2025-07-14T08:44:53.473676+03:00 vostinar-VirtualBox kernel: ACPI: 2 ACPI AML tables successfully acquired and loaded
2025-07-14T08:44:53.473677+03:00 vostinar-VirtualBox kernel: ACPI: _OSC evaluation for CPUs failed, trying _PDC
2025-07-14T08:44:53.473677+03:00 vostinar-VirtualBox kernel: ACPI: Interpreter enabled
2025-07-14T08:44:53.473678+03:00 vostinar-VirtualBox kernel: ACPI: PM: (supports S0 S5)
2025-07-14T08:44:53.473678+03:00 vostinar-VirtualBox kernel: ACPI: Using IOAPIC for interrupt routing
2025-07-14T08:44:53.473698+03:00 vostinar-VirtualBox kernel: PCI: Using host bridge windows from ACPI; if necessary, use "pci=nocrs" and report a bug
2025-07-14T08:44:53.473699+03:00 vostinar-VirtualBox kernel: PCI: Using E820 reservations for host bridge windows
2025-07-14T08:44:53.473700+03:00 vostinar-VirtualBox kernel: ACPI: Enabled 2 GPEs in block 00 to 07
2025-07-14T08:44:53.473701+03:00 vostinar-VirtualBox kernel: ACPI: PCI Root Bridge [PCI0] (domain 0000 [bus 00-ff])
2025-07-14T08:44:53.473702+03:00 vostinar-VirtualBox kernel: acpi PNP0A03:00: _OSC: OS supports [ASPM ClockPM Segments MSI EDR HPX-Type3]
2025-07-14T08:44:53.473702+03:00 vostinar-VirtualBox kernel: acpi PNP0A03:00: _OSC: not requesting OS control; OS requires [ExtendedConfig ASPM ClockPM MSI]
2025-07-14T08:44:53.473716+03:00 vostinar-VirtualBox kernel: acpi PNP0A03:00: fail to add MMCONFIG information, can't access extended configuration space under this bridge
2025-07-14T08:44:53.473717+03:00 vostinar-VirtualBox kernel: PCI host bridge to bus 0000:00
2025-07-14T08:44:53.473718+03:00 vostinar-VirtualBox kernel: pci_bus 0000:00: root bus resource [io  0x0000-0x0cf7 window]
2025-07-14T08:44:53.473719+03:00 vostinar-VirtualBox kernel: pci_bus 0000:00: root bus resource [io  0x0d00-0xffff window]
2025-07-14T08:44:53.473719+03:00 vostinar-VirtualBox kernel: pci_bus 0000:00: root bus resource [mem 0x000a0000-0x000bffff window]
2025-07-14T08:44:53.473720+03:00 vostinar-VirtualBox kernel: pci_bus 0000:00: root bus resource [mem 0xe0000000-0xfdffffff window]
2025-07-14T08:44:53.473730+03:00 vostinar-VirtualBox kernel: pci_bus 0000:00: root bus resource [bus 00-ff]
2025-07-14T08:44:53.473731+03:00 vostinar-VirtualBox kernel: pci 0000:00:00.0: [8086:1237] type 00 class 0x060000 conventional PCI endpoint
2025-07-14T08:44:53.473759+03:00 vostinar-VirtualBox kernel: pci 0000:00:01.0: [8086:7000] type 00 class 0x060100 conventional PCI endpoint
2025-07-14T08:44:53.473760+03:00 vostinar-VirtualBox kernel: pci 0000:00:01.1: [8086:7111] type 00 class 0x01018a conventional PCI endpoint
2025-07-14T08:44:53.473761+03:00 vostinar-VirtualBox kernel: pci 0000:00:01.1: BAR 4 [io  0xd000-0xd00f]
2025-07-14T08:44:53.473761+03:00 vostinar-VirtualBox kernel: pci 0000:00:01.1: BAR 0 [io  0x01f0-0x01f7]: legacy IDE quirk
2025-07-14T08:44:53.473762+03:00 vostinar-VirtualBox kernel: pci 0000:00:01.1: BAR 1 [io  0x03f6]: legacy IDE quirk
2025-07-14T08:44:53.473772+03:00 vostinar-VirtualBox kernel: pci 0000:00:01.1: BAR 2 [io  0x0170-0x0177]: legacy IDE quirk
2025-07-14T08:44:53.473773+03:00 vostinar-VirtualBox kernel: pci 0000:00:01.1: BAR 3 [io  0x0376]: legacy IDE quirk
2025-07-14T08:44:53.473774+03:00 vostinar-VirtualBox kernel: pci 0000:00:02.0: [15ad:0405] type 00 class 0x030000 conventional PCI endpoint
2025-07-14T08:44:53.473775+03:00 vostinar-VirtualBox kernel: pci 0000:00:02.0: BAR 0 [io  0xd010-0xd01f]
2025-07-14T08:44:53.473775+03:00 vostinar-VirtualBox kernel: pci 0000:00:02.0: BAR 1 [mem 0xe0000000-0xe7ffffff pref]
2025-07-14T08:44:53.473776+03:00 vostinar-VirtualBox kernel: pci 0000:00:02.0: BAR 2 [mem 0xf0000000-0xf01fffff]
2025-07-14T08:44:53.473786+03:00 vostinar-VirtualBox kernel: pci 0000:00:02.0: Video device with shadowed ROM at [mem 0x000c0000-0x000dffff]
2025-07-14T08:44:53.473787+03:00 vostinar-VirtualBox kernel: pci 0000:00:03.0: [8086:100e] type 00 class 0x020000 conventional PCI endpoint
